
Linker Version 8.7.7.211123
Input Object File: c:\users\user\documents\htk_project\qbell_doorbell_mb_v1_2_f9\Output\MAIN.OBJ
Input Object File: c:\users\user\documents\htk_project\qbell_doorbell_mb_v1_2_f9\Output\HAL_ADC.OBJ
Input Object File: c:\users\user\documents\htk_project\qbell_doorbell_mb_v1_2_f9\Output\HAL_UART.OBJ
Input Object File: c:\users\user\documents\htk_project\qbell_doorbell_mb_v1_2_f9\Output\HAL_GPIO.OBJ
Input Object File: c:\users\user\documents\htk_project\qbell_doorbell_mb_v1_2_f9\Output\HAL_I2C.OBJ
Input Object File: c:\users\user\documents\htk_project\qbell_doorbell_mb_v1_2_f9\Output\HAL_KTD.OBJ
Input Object File: c:\users\user\documents\htk_project\qbell_doorbell_mb_v1_2_f9\Output\BC3602.OBJ
Input Object File: c:\users\user\documents\htk_project\qbell_doorbell_mb_v1_2_f9\Output\BCH32.OBJ
Input Object File: c:\users\user\documents\htk_project\qbell_doorbell_mb_v1_2_f9\Output\RF_API.OBJ
Input Object File: c:\users\user\documents\htk_project\qbell_doorbell_mb_v1_2_f9\Output\SPI.OBJ
Input Object File: c:\users\user\documents\htk_project\qbell_doorbell_mb_v1_2_f9\Output\STARTUP1_L.OBJ
Input Object File: c:\users\user\documents\htk_project\qbell_doorbell_mb_v1_2_f9\Output\HAL_RF.OBJ
Input Object File: c:\users\user\documents\htk_project\qbell_doorbell_mb_v1_2_f9\Output\HAL_EEPROM.OBJ
Input Object File: c:\users\user\documents\htk_project\qbell_doorbell_mb_v1_2_f9\Output\APP.OBJ

Input Library File: C:\Program Files\Holtek MCU Development Tools\HT-IDE3000V8.x\LIB\LIBHOLTEKGCC.LIB
Input Library File: C:\Program Files\Holtek MCU Development Tools\HT-IDE3000V8.x\LIB\v3_lmrsc.lib


     Bank    Start     End      Length     Class    AvgIns    Name
     00h     0000h     0000h    0001h      CODE               @code (c:\users\user\documents\htk_project\qbell_doorbell_mb_v1_2_f9\Output\MAIN.OBJ)
     00h     0001h     0002h    0002h      CODE               @crom (c:\users\user\documents\htk_project\qbell_doorbell_mb_v1_2_f9\Output\RF_API.OBJ)
     00h     0003h     0003h    0001h      CODE               _RFReadSyncword (c:\users\user\documents\htk_project\qbell_doorbell_mb_v1_2_f9\Output\BC3602.OBJ)
     00h     0004h     0007h    0004h      CODE               @INT0_proc_code (c:\users\user\documents\htk_project\qbell_doorbell_mb_v1_2_f9\Output\HAL_GPIO.OBJ)
     00h     0008h     000dh    0006h      CODE               @ROMDATA_BASE (c:\users\user\documents\htk_project\qbell_doorbell_mb_v1_2_f9\Output\STARTUP1_L.OBJ)
     00h     000eh     0014h    0007h      CODE               _sysInit (c:\users\user\documents\htk_project\qbell_doorbell_mb_v1_2_f9\Output\MAIN.OBJ)
     00h     0015h     001ah    0006h      CODE               _lvd_init (c:\users\user\documents\htk_project\qbell_doorbell_mb_v1_2_f9\Output\HAL_ADC.OBJ)
     00h     001ch     001fh    0004h      CODE               @TB0_proc_code (c:\users\user\documents\htk_project\qbell_doorbell_mb_v1_2_f9\Output\HAL_RF.OBJ)
     00h     0020h     0023h    0004h      CODE               _IIC_Init (c:\users\user\documents\htk_project\qbell_doorbell_mb_v1_2_f9\Output\HAL_I2C.OBJ)
     00h     0024h     0027h    0004h      CODE               @INT1_proc_code (c:\users\user\documents\htk_project\qbell_doorbell_mb_v1_2_f9\Output\HAL_GPIO.OBJ)
     00h     0028h     0048h    0021h      CODE               @start (c:\users\user\documents\htk_project\qbell_doorbell_mb_v1_2_f9\Output\MAIN.OBJ)
     00h     0049h     007ch    0034h      CODE               @crom (c:\users\user\documents\htk_project\qbell_doorbell_mb_v1_2_f9\Output\MAIN.OBJ)
     00h     007dh     0092h    0016h      CODE               @crom (c:\users\user\documents\htk_project\qbell_doorbell_mb_v1_2_f9\Output\HAL_ADC.OBJ)
     00h     0093h     00b6h    0024h      CODE               @crom (c:\users\user\documents\htk_project\qbell_doorbell_mb_v1_2_f9\Output\HAL_UART.OBJ)
     00h     00b7h     0113h    005dh      CODE               @crom (c:\users\user\documents\htk_project\qbell_doorbell_mb_v1_2_f9\Output\BC3602.OBJ)
     00h     0114h     01d2h    00bfh      CODE               @crom (c:\users\user\documents\htk_project\qbell_doorbell_mb_v1_2_f9\Output\HAL_RF.OBJ)
     00h     01d3h     020eh    003ch      CODE               @crom (c:\users\user\documents\htk_project\qbell_doorbell_mb_v1_2_f9\Output\HAL_EEPROM.OBJ)
     00h     020fh     032fh    0121h      CODE               @crom (c:\users\user\documents\htk_project\qbell_doorbell_mb_v1_2_f9\Output\APP.OBJ)
     00h     0330h     03b1h    0082h      CODE               _convert_integer_to_string (c:\users\user\documents\htk_project\qbell_doorbell_mb_v1_2_f9\Output\MAIN.OBJ)
     00h     03b2h     03c7h    0016h      CODE               _delay (c:\users\user\documents\htk_project\qbell_doorbell_mb_v1_2_f9\Output\MAIN.OBJ)
     00h     03c8h     03f8h    0031h      CODE               _main (c:\users\user\documents\htk_project\qbell_doorbell_mb_v1_2_f9\Output\MAIN.OBJ)
     00h     03f9h     044ah    0052h      CODE               _adc_selectChannel (c:\users\user\documents\htk_project\qbell_doorbell_mb_v1_2_f9\Output\HAL_ADC.OBJ)
     00h     044bh     0462h    0018h      CODE               _adc_getValue (c:\users\user\documents\htk_project\qbell_doorbell_mb_v1_2_f9\Output\HAL_ADC.OBJ)
     00h     0463h     0475h    0013h      CODE               _adc_init (c:\users\user\documents\htk_project\qbell_doorbell_mb_v1_2_f9\Output\HAL_ADC.OBJ)
     00h     0476h     0480h    000bh      CODE               _lvd_read (c:\users\user\documents\htk_project\qbell_doorbell_mb_v1_2_f9\Output\HAL_ADC.OBJ)
     00h     0481h     04a7h    0027h      CODE               _lvd_mode_select (c:\users\user\documents\htk_project\qbell_doorbell_mb_v1_2_f9\Output\HAL_ADC.OBJ)
     00h     04a8h     04d0h    0029h      CODE               _lvd_read_select (c:\users\user\documents\htk_project\qbell_doorbell_mb_v1_2_f9\Output\HAL_ADC.OBJ)
     00h     04d1h     0579h    00a9h      CODE               _itoa (c:\users\user\documents\htk_project\qbell_doorbell_mb_v1_2_f9\Output\HAL_UART.OBJ)
     00h     057ah     0580h    0007h      CODE               _uart_int_init (c:\users\user\documents\htk_project\qbell_doorbell_mb_v1_2_f9\Output\HAL_UART.OBJ)
     00h     0581h     058eh    000eh      CODE               _uart_prot_init (c:\users\user\documents\htk_project\qbell_doorbell_mb_v1_2_f9\Output\HAL_UART.OBJ)
     00h     058fh     0596h    0008h      CODE               _uart_send (c:\users\user\documents\htk_project\qbell_doorbell_mb_v1_2_f9\Output\HAL_UART.OBJ)
     00h     0597h     059ch    0006h      CODE               _uart_receive (c:\users\user\documents\htk_project\qbell_doorbell_mb_v1_2_f9\Output\HAL_UART.OBJ)
     00h     059dh     05abh    000fh      CODE               _uart_printf (c:\users\user\documents\htk_project\qbell_doorbell_mb_v1_2_f9\Output\HAL_UART.OBJ)
     00h     05ach     05c7h    001ch      CODE               _uart_int (c:\users\user\documents\htk_project\qbell_doorbell_mb_v1_2_f9\Output\HAL_UART.OBJ)
     00h     05c8h     05d8h    0011h      CODE               _gpio_init (c:\users\user\documents\htk_project\qbell_doorbell_mb_v1_2_f9\Output\HAL_GPIO.OBJ)
     00h     05d9h     05e3h    000bh      CODE               _int_init (c:\users\user\documents\htk_project\qbell_doorbell_mb_v1_2_f9\Output\HAL_GPIO.OBJ)
     00h     05e4h     0600h    001dh      CODE               _rgb_led_ctrl (c:\users\user\documents\htk_project\qbell_doorbell_mb_v1_2_f9\Output\HAL_GPIO.OBJ)
     00h     0601h     0607h    0007h      CODE               _INT0_proc (c:\users\user\documents\htk_project\qbell_doorbell_mb_v1_2_f9\Output\HAL_GPIO.OBJ)
     00h     0608h     060eh    0007h      CODE               _INT1_proc (c:\users\user\documents\htk_project\qbell_doorbell_mb_v1_2_f9\Output\HAL_GPIO.OBJ)
     00h     060fh     061eh    0010h      CODE               _IIC_Start (c:\users\user\documents\htk_project\qbell_doorbell_mb_v1_2_f9\Output\HAL_I2C.OBJ)
     00h     061fh     062bh    000dh      CODE               _IIC_Stop (c:\users\user\documents\htk_project\qbell_doorbell_mb_v1_2_f9\Output\HAL_I2C.OBJ)
     00h     062ch     0651h    0026h      CODE               _Wr_Byte (c:\users\user\documents\htk_project\qbell_doorbell_mb_v1_2_f9\Output\HAL_I2C.OBJ)
     00h     0652h     066dh    001ch      CODE               _Rd_Byte (c:\users\user\documents\htk_project\qbell_doorbell_mb_v1_2_f9\Output\HAL_I2C.OBJ)
     00h     066eh     0684h    0017h      CODE               _checkAck (c:\users\user\documents\htk_project\qbell_doorbell_mb_v1_2_f9\Output\HAL_I2C.OBJ)
     00h     0685h     069ah    0016h      CODE               _WriteI2C_Int (c:\users\user\documents\htk_project\qbell_doorbell_mb_v1_2_f9\Output\HAL_I2C.OBJ)
     00h     069bh     06b6h    001ch      CODE               _ktd_en (c:\users\user\documents\htk_project\qbell_doorbell_mb_v1_2_f9\Output\HAL_KTD.OBJ)
     00h     06b7h     0723h    006dh      CODE               _ktd_clear (c:\users\user\documents\htk_project\qbell_doorbell_mb_v1_2_f9\Output\HAL_KTD.OBJ)
     00h     0724h     07cah    00a7h      CODE               _ktd_rgb_ctrl (c:\users\user\documents\htk_project\qbell_doorbell_mb_v1_2_f9\Output\HAL_KTD.OBJ)
     00h     07cbh     0871h    00a7h      CODE               _ktd_ring (c:\users\user\documents\htk_project\qbell_doorbell_mb_v1_2_f9\Output\HAL_KTD.OBJ)
     00h     0872h     0905h    0094h      CODE               _ktd_clockwise_ring (c:\users\user\documents\htk_project\qbell_doorbell_mb_v1_2_f9\Output\HAL_KTD.OBJ)
     00h     0906h     0999h    0094h      CODE               _ktd_anticlockwise_ring (c:\users\user\documents\htk_project\qbell_doorbell_mb_v1_2_f9\Output\HAL_KTD.OBJ)
     00h     099ah     09a4h    000bh      CODE               _SpiWriteRegCMD (c:\users\user\documents\htk_project\qbell_doorbell_mb_v1_2_f9\Output\BC3602.OBJ)
     00h     09a5h     09aah    0006h      CODE               _SpiWriteStrobeCMD (c:\users\user\documents\htk_project\qbell_doorbell_mb_v1_2_f9\Output\BC3602.OBJ)
     00h     09abh     09b6h    000ch      CODE               _SpiReadRegCMD (c:\users\user\documents\htk_project\qbell_doorbell_mb_v1_2_f9\Output\BC3602.OBJ)
     00h     09b7h     09cbh    0015h      CODE               _RFWriteBuf (c:\users\user\documents\htk_project\qbell_doorbell_mb_v1_2_f9\Output\BC3602.OBJ)
     00h     09cch     09e7h    001ch      CODE               _RFWriteBuf2 (c:\users\user\documents\htk_project\qbell_doorbell_mb_v1_2_f9\Output\BC3602.OBJ)
     00h     09e8h     0a02h    001bh      CODE               _RFReadBuf (c:\users\user\documents\htk_project\qbell_doorbell_mb_v1_2_f9\Output\BC3602.OBJ)
     00h     0a03h     0a20h    001eh      CODE               _RFReadBuf2 (c:\users\user\documents\htk_project\qbell_doorbell_mb_v1_2_f9\Output\BC3602.OBJ)
     00h     0a21h     0a3bh    001bh      CODE               _WriteFIFO (c:\users\user\documents\htk_project\qbell_doorbell_mb_v1_2_f9\Output\BC3602.OBJ)
     00h     0a3ch     0a58h    001dh      CODE               _ReadFIFO (c:\users\user\documents\htk_project\qbell_doorbell_mb_v1_2_f9\Output\BC3602.OBJ)
     00h     0a59h     0a61h    0009h      CODE               _RFEnATR (c:\users\user\documents\htk_project\qbell_doorbell_mb_v1_2_f9\Output\BC3602.OBJ)
     00h     0a62h     0a6ah    0009h      CODE               _RFDisATR (c:\users\user\documents\htk_project\qbell_doorbell_mb_v1_2_f9\Output\BC3602.OBJ)
     00h     0a6bh     0a70h    0006h      CODE               _RFXtalReady (c:\users\user\documents\htk_project\qbell_doorbell_mb_v1_2_f9\Output\BC3602.OBJ)
     00h     0a71h     0a83h    0013h      CODE               _ResetLvRF (c:\users\user\documents\htk_project\qbell_doorbell_mb_v1_2_f9\Output\BC3602.OBJ)
     00h     0a84h     0b12h    008fh      CODE               _BC3602_Config (c:\users\user\documents\htk_project\qbell_doorbell_mb_v1_2_f9\Output\BC3602.OBJ)
     00h     0b13h     0b23h    0011h      CODE               _RFWriteSyncword (c:\users\user\documents\htk_project\qbell_doorbell_mb_v1_2_f9\Output\BC3602.OBJ)
     00h     0b24h     0b6ch    0049h      CODE               _RFSetDRPram (c:\users\user\documents\htk_project\qbell_doorbell_mb_v1_2_f9\Output\BC3602.OBJ)
     00h     0b6dh     0b91h    0025h      CODE               _RFWriteFreqTABLE (c:\users\user\documents\htk_project\qbell_doorbell_mb_v1_2_f9\Output\BC3602.OBJ)
     00h     0b92h     0bbfh    002eh      CODE               _RFWriteFreq (c:\users\user\documents\htk_project\qbell_doorbell_mb_v1_2_f9\Output\BC3602.OBJ)
     00h     0bc0h     0bddh    001eh      CODE               _RFSetPower (c:\users\user\documents\htk_project\qbell_doorbell_mb_v1_2_f9\Output\BC3602.OBJ)
     00h     0bdeh     0bebh    000eh      CODE               _RFCalibration (c:\users\user\documents\htk_project\qbell_doorbell_mb_v1_2_f9\Output\BC3602.OBJ)
     00h     0bech     0bf3h    0008h      CODE               _RFGetClrRFIrq (c:\users\user\documents\htk_project\qbell_doorbell_mb_v1_2_f9\Output\BC3602.OBJ)
     00h     0bf4h     0bf6h    0003h      CODE               _ResetTXFIFO (c:\users\user\documents\htk_project\qbell_doorbell_mb_v1_2_f9\Output\BC3602.OBJ)
     00h     0bf7h     0bf9h    0003h      CODE               _ResetRXFIFO (c:\users\user\documents\htk_project\qbell_doorbell_mb_v1_2_f9\Output\BC3602.OBJ)
     00h     0bfah     0bfch    0003h      CODE               _EntryLightSleep (c:\users\user\documents\htk_project\qbell_doorbell_mb_v1_2_f9\Output\BC3602.OBJ)
     00h     0bfdh     0bffh    0003h      CODE               _EntryDeepSleep (c:\users\user\documents\htk_project\qbell_doorbell_mb_v1_2_f9\Output\BC3602.OBJ)
     00h     0c00h     0c02h    0003h      CODE               _EntryIdleMode (c:\users\user\documents\htk_project\qbell_doorbell_mb_v1_2_f9\Output\BC3602.OBJ)
     00h     0c03h     0c10h    000eh      CODE               _LircCalibration (c:\users\user\documents\htk_project\qbell_doorbell_mb_v1_2_f9\Output\BC3602.OBJ)
     00h     0c11h     0c28h    0018h      CODE               _RF_Init (c:\users\user\documents\htk_project\qbell_doorbell_mb_v1_2_f9\Output\BC3602.OBJ)
     00h     0c29h     0c4dh    0025h      CODE               _RF_TxCarrier (c:\users\user\documents\htk_project\qbell_doorbell_mb_v1_2_f9\Output\BC3602.OBJ)
     00h     0c4eh     0c7dh    0030h      CODE               _RF_RxBER (c:\users\user\documents\htk_project\qbell_doorbell_mb_v1_2_f9\Output\BC3602.OBJ)
     00h     0c7eh     0c95h    0018h      CODE               _RF_WriteFreq (c:\users\user\documents\htk_project\qbell_doorbell_mb_v1_2_f9\Output\BC3602.OBJ)
     00h     0c96h     0c9eh    0009h      CODE               _RF_SetSniffPrm (c:\users\user\documents\htk_project\qbell_doorbell_mb_v1_2_f9\Output\BC3602.OBJ)
     00h     0c9fh     0ca7h    0009h      CODE               _RF_SetAddr (c:\users\user\documents\htk_project\qbell_doorbell_mb_v1_2_f9\Output\BC3602.OBJ)
     00h     0ca8h     0cb5h    000eh      CODE               _RF_EntryRxMode (c:\users\user\documents\htk_project\qbell_doorbell_mb_v1_2_f9\Output\BC3602.OBJ)
     00h     0cb6h     0cc8h    0013h      CODE               _RF_EntrySniffMode (c:\users\user\documents\htk_project\qbell_doorbell_mb_v1_2_f9\Output\BC3602.OBJ)
     00h     0cc9h     0cd9h    0011h      CODE               _RF_EntryWOT_Mode (c:\users\user\documents\htk_project\qbell_doorbell_mb_v1_2_f9\Output\BC3602.OBJ)
     00h     0cdah     0ceeh    0015h      CODE               _RF_SendData (c:\users\user\documents\htk_project\qbell_doorbell_mb_v1_2_f9\Output\BC3602.OBJ)
     00h     0cefh     0cf4h    0006h      CODE               _RF_ResendData (c:\users\user\documents\htk_project\qbell_doorbell_mb_v1_2_f9\Output\BC3602.OBJ)
     00h     0cf5h     0cfeh    000ah      CODE               _RF_ReadRxData (c:\users\user\documents\htk_project\qbell_doorbell_mb_v1_2_f9\Output\BC3602.OBJ)
     00h     0cffh     0d03h    0005h      CODE               _RFReadRssi (c:\users\user\documents\htk_project\qbell_doorbell_mb_v1_2_f9\Output\BC3602.OBJ)
     00h     0d04h     0d16h    0013h      CODE               _Extend_FIFO_Enable (c:\users\user\documents\htk_project\qbell_doorbell_mb_v1_2_f9\Output\BC3602.OBJ)
     00h     0d17h     0d27h    0011h      CODE               _Extend_FIFO_Disable (c:\users\user\documents\htk_project\qbell_doorbell_mb_v1_2_f9\Output\BC3602.OBJ)
     00h     0d28h     0d38h    0011h      CODE               _RFEnARK (c:\users\user\documents\htk_project\qbell_doorbell_mb_v1_2_f9\Output\BC3602.OBJ)
     00h     0d39h     0d41h    0009h      CODE               _RFDisARK (c:\users\user\documents\htk_project\qbell_doorbell_mb_v1_2_f9\Output\BC3602.OBJ)
     00h     0d42h     0d87h    0046h      CODE               _CRC16_CCITT_FALSE (c:\users\user\documents\htk_project\qbell_doorbell_mb_v1_2_f9\Output\BC3602.OBJ)
     00h     0d88h     0dc6h    003fh      CODE               _RF_Parameter_loading (c:\users\user\documents\htk_project\qbell_doorbell_mb_v1_2_f9\Output\RF_API.OBJ)
     00h     0dc7h     0ec9h    0103h      CODE               _ExtendFIFO_TX_Process (c:\users\user\documents\htk_project\qbell_doorbell_mb_v1_2_f9\Output\RF_API.OBJ)
     00h     0ecah     1035h    016ch      CODE               _ExtendFIFO_RX_Process (c:\users\user\documents\htk_project\qbell_doorbell_mb_v1_2_f9\Output\RF_API.OBJ)
     00h     1036h     1045h    0010h      CODE               _SpiIOInti (c:\users\user\documents\htk_project\qbell_doorbell_mb_v1_2_f9\Output\SPI.OBJ)
     00h     1046h     1047h    0002h      CODE               _SpiCSN_low (c:\users\user\documents\htk_project\qbell_doorbell_mb_v1_2_f9\Output\SPI.OBJ)
     00h     1048h     1049h    0002h      CODE               _SpiCSN_high (c:\users\user\documents\htk_project\qbell_doorbell_mb_v1_2_f9\Output\SPI.OBJ)
     00h     104ah     1054h    000bh      CODE               _SpiRead (c:\users\user\documents\htk_project\qbell_doorbell_mb_v1_2_f9\Output\SPI.OBJ)
     00h     1055h     105eh    000ah      CODE               _SpiWrite (c:\users\user\documents\htk_project\qbell_doorbell_mb_v1_2_f9\Output\SPI.OBJ)
     00h     105fh     1071h    0013h      CODE               _fun_RamInit (c:\users\user\documents\htk_project\qbell_doorbell_mb_v1_2_f9\Output\HAL_RF.OBJ)
     00h     1072h     108bh    001ah      CODE               _Sys_init (c:\users\user\documents\htk_project\qbell_doorbell_mb_v1_2_f9\Output\HAL_RF.OBJ)
     00h     108ch     1091h    0006h      CODE               _RF_Process_Init (c:\users\user\documents\htk_project\qbell_doorbell_mb_v1_2_f9\Output\HAL_RF.OBJ)
     00h     1092h     116ah    00d9h      CODE               _RF_Finished_Process (c:\users\user\documents\htk_project\qbell_doorbell_mb_v1_2_f9\Output\HAL_RF.OBJ)
     00h     116bh     1194h    002ah      CODE               _DATA_Process (c:\users\user\documents\htk_project\qbell_doorbell_mb_v1_2_f9\Output\HAL_RF.OBJ)
     00h     1195h     11d8h    0044h      CODE               _KEY_Process (c:\users\user\documents\htk_project\qbell_doorbell_mb_v1_2_f9\Output\HAL_RF.OBJ)
     00h     11d9h     11e8h    0010h      CODE               _RF_Process (c:\users\user\documents\htk_project\qbell_doorbell_mb_v1_2_f9\Output\HAL_RF.OBJ)
     00h     11e9h     11f0h    0008h      CODE               _System_deepsleep (c:\users\user\documents\htk_project\qbell_doorbell_mb_v1_2_f9\Output\HAL_RF.OBJ)
     00h     11f1h     11f5h    0005h      CODE               _TB0_proc (c:\users\user\documents\htk_project\qbell_doorbell_mb_v1_2_f9\Output\HAL_RF.OBJ)
     00h     11f6h     11f9h    0004h      CODE               _eeprom_init (c:\users\user\documents\htk_project\qbell_doorbell_mb_v1_2_f9\Output\HAL_EEPROM.OBJ)
     00h     11fah     1210h    0017h      CODE               _eeprom_write (c:\users\user\documents\htk_project\qbell_doorbell_mb_v1_2_f9\Output\HAL_EEPROM.OBJ)
     00h     1211h     122ch    001ch      CODE               _eeprom_read (c:\users\user\documents\htk_project\qbell_doorbell_mb_v1_2_f9\Output\HAL_EEPROM.OBJ)
     00h     122dh     123eh    0012h      CODE               _eepromDeviceAddrRead (c:\users\user\documents\htk_project\qbell_doorbell_mb_v1_2_f9\Output\HAL_EEPROM.OBJ)
     00h     123fh     1256h    0018h      CODE               _eepromDeviceAddrCpyRead (c:\users\user\documents\htk_project\qbell_doorbell_mb_v1_2_f9\Output\HAL_EEPROM.OBJ)
     00h     1257h     125eh    0008h      CODE               _eepromDeviceAddrCpyAckRead (c:\users\user\documents\htk_project\qbell_doorbell_mb_v1_2_f9\Output\HAL_EEPROM.OBJ)
     00h     125fh     1275h    0017h      CODE               _eepromDeviceAddrCpyWrite (c:\users\user\documents\htk_project\qbell_doorbell_mb_v1_2_f9\Output\HAL_EEPROM.OBJ)
     00h     1276h     1280h    000bh      CODE               _eepromDeviceAddrCpyAckWrite (c:\users\user\documents\htk_project\qbell_doorbell_mb_v1_2_f9\Output\HAL_EEPROM.OBJ)
     00h     1281h     1291h    0011h      CODE               _app_pair_status_check (c:\users\user\documents\htk_project\qbell_doorbell_mb_v1_2_f9\Output\APP.OBJ)
     00h     1292h     1310h    007fh      CODE               _app_eeprom_addr_check (c:\users\user\documents\htk_project\qbell_doorbell_mb_v1_2_f9\Output\APP.OBJ)
     00h     1311h     132ah    001ah      CODE               _rgb_blink (c:\users\user\documents\htk_project\qbell_doorbell_mb_v1_2_f9\Output\APP.OBJ)
     00h     132bh     1347h    001dh      CODE               _LED (c:\users\user\documents\htk_project\qbell_doorbell_mb_v1_2_f9\Output\APP.OBJ)
     00h     1348h     1423h    00dch      CODE               _app (c:\users\user\documents\htk_project\qbell_doorbell_mb_v1_2_f9\Output\APP.OBJ)
     00h     1424h     1432h    000fh      CODE               _initSys (c:\users\user\documents\htk_project\qbell_doorbell_mb_v1_2_f9\Output\APP.OBJ)
     00h     1433h     1469h    0037h      CODE               _builtin_holtek_divmodhi4_isr00 (C:\Program Files\Holtek MCU Development Tools\HT-IDE3000V8.x\LIB\LIBHOLTEKGCC.LIB)
     00h     146ah     147ch    0013h      CODE               _builtin_holtek_mulhi3_isr00 (C:\Program Files\Holtek MCU Development Tools\HT-IDE3000V8.x\LIB\LIBHOLTEKGCC.LIB)
     00h     147dh     1486h    000ah      CODE               __DELAYX (C:\Program Files\Holtek MCU Development Tools\HT-IDE3000V8.x\LIB\LIBHOLTEKGCC.LIB)
     00h     1487h     14aeh    0028h      CODE               _memcpy (C:\Program Files\Holtek MCU Development Tools\HT-IDE3000V8.x\LIB\v3_lmrsc.lib)
     00h     14afh     14e2h    0034h      CODE               _memcmp (C:\Program Files\Holtek MCU Development Tools\HT-IDE3000V8.x\LIB\v3_lmrsc.lib)
     00h     14e3h     14f2h    0010h      CODE               _CROM2PROM (CROM2PROM)
     00h     0080h     0080h    0001h      DATA     233       @data_ra (C:\Program Files\Holtek MCU Development Tools\HT-IDE3000V8.x\LIB\LIBHOLTEKGCC.LIB)
     00h     0081h     0081h    0001h      DATA     153       @data_rb (C:\Program Files\Holtek MCU Development Tools\HT-IDE3000V8.x\LIB\LIBHOLTEKGCC.LIB)
     00h     0082h     0082h    0001h      DATA     144       @data_rc (C:\Program Files\Holtek MCU Development Tools\HT-IDE3000V8.x\LIB\LIBHOLTEKGCC.LIB)
     00h     0083h     0083h    0001h      DATA     61        @data_rd (C:\Program Files\Holtek MCU Development Tools\HT-IDE3000V8.x\LIB\LIBHOLTEKGCC.LIB)
     00h     0084h     0084h    0001h      DATA     46        @data_re (C:\Program Files\Holtek MCU Development Tools\HT-IDE3000V8.x\LIB\LIBHOLTEKGCC.LIB)
     00h     0085h     0085h    0001h      DATA     13        @data_rf (C:\Program Files\Holtek MCU Development Tools\HT-IDE3000V8.x\LIB\LIBHOLTEKGCC.LIB)
     00h     0086h     0086h    0001h      DATA     7         @data_rg (C:\Program Files\Holtek MCU Development Tools\HT-IDE3000V8.x\LIB\LIBHOLTEKGCC.LIB)
     00h     0087h     0087h    0001h      DATA     3         @data_rh (C:\Program Files\Holtek MCU Development Tools\HT-IDE3000V8.x\LIB\LIBHOLTEKGCC.LIB)
     00h     0088h     0088h    0001h      DATA     2         @data_r104 (isr:ra~rh)
     00h     0089h     0089h    0001h      DATA     2         @data_r204 (isr:ra~rh)
     00h     008ah     008ah    0001h      DATA     2         @data_r124 (isr:ra~rh)
     00h     008bh     008bh    0001h      DATA     2         @data_r224 (isr:ra~rh)
     00h     008ch     008ch    0001h      DATA     2         @data_r11c (isr:ra~rh)
     00h     008dh     008dh    0001h      DATA     2         @data_r21c (isr:ra~rh)
     00h     00ach     00ach    0001h      DATA     2         @HCCINIT_DeviceACK_Flag (c:\users\user\documents\htk_project\qbell_doorbell_mb_v1_2_f9\Output\HAL_I2C.OBJ)
     00h     00adh     00adh    0001h      DATA     2         @HCCINIT_ExtTxLength (c:\users\user\documents\htk_project\qbell_doorbell_mb_v1_2_f9\Output\BC3602.OBJ)
     00h     00aeh     00aeh    0001h      DATA     1         @HCCINIT_Fg_I2c_WrRd (c:\users\user\documents\htk_project\qbell_doorbell_mb_v1_2_f9\Output\HAL_I2C.OBJ)
     00h     00afh     00afh    0001h      DATA     1         @HCCINIT_DeviceACK_CMD_Flag (c:\users\user\documents\htk_project\qbell_doorbell_mb_v1_2_f9\Output\HAL_I2C.OBJ)
     00h     00b0h     00b0h    0001h      DATA     0         @HCCINIT_u16_I2cError_Cnt (c:\users\user\documents\htk_project\qbell_doorbell_mb_v1_2_f9\Output\HAL_I2C.OBJ)
     00h     00b1h     00b2h    0002h      DATA     3         @HCCINIT0_temPtr (c:\users\user\documents\htk_project\qbell_doorbell_mb_v1_2_f9\Output\HAL_UART.OBJ)
     00h     00b3h     00b3h    0001h      DATA     2         @HCCINIT0_ExtRxLength (c:\users\user\documents\htk_project\qbell_doorbell_mb_v1_2_f9\Output\BC3602.OBJ)
     00h     00b4h     00b8h    0005h      DATA     1.8       @HCCINIT0_Mflag (c:\users\user\documents\htk_project\qbell_doorbell_mb_v1_2_f9\Output\HAL_RF.OBJ)
     00h     00b9h     00d1h    0019h      DATA     1.24      @HCCINIT0_BC3602_T (c:\users\user\documents\htk_project\qbell_doorbell_mb_v1_2_f9\Output\RF_API.OBJ)
     00h     00d2h     00d5h    0004h      DATA     1         @HCCINIT0_mRFSync (c:\users\user\documents\htk_project\qbell_doorbell_mb_v1_2_f9\Output\BC3602.OBJ)
     00h     00d6h     00d7h    0002h      DATA     0         @HCCINIT0_ADC_Value (c:\users\user\documents\htk_project\qbell_doorbell_mb_v1_2_f9\Output\MAIN.OBJ)
     00h     00d8h     00d9h    0002h      DATA     0         @HCCINIT0_a (c:\users\user\documents\htk_project\qbell_doorbell_mb_v1_2_f9\Output\MAIN.OBJ)
     00h     00dah     00dah    0001h      DATA     0         @HCCINIT0_ReceiveData (c:\users\user\documents\htk_project\qbell_doorbell_mb_v1_2_f9\Output\HAL_UART.OBJ)
     00h     00dbh     00dbh    0001h      DATA     0         @HCCINIT0_u8_IIC_Count (c:\users\user\documents\htk_project\qbell_doorbell_mb_v1_2_f9\Output\HAL_I2C.OBJ)
     00h     00dch     00dch    0001h      DATA     0         @HCCINIT0_u8_I2c_WrRd_1ms (c:\users\user\documents\htk_project\qbell_doorbell_mb_v1_2_f9\Output\HAL_I2C.OBJ)
     00h     00ddh     00ddh    0001h      DATA     0         @HCCINIT0_Rx_Buff (c:\users\user\documents\htk_project\qbell_doorbell_mb_v1_2_f9\Output\HAL_I2C.OBJ)
     00h     00deh     00deh    0001h      DATA     0         @HCCINIT0_RF_IRQ (c:\users\user\documents\htk_project\qbell_doorbell_mb_v1_2_f9\Output\BC3602.OBJ)
     00h     00dfh     00e2h    0004h      DATA     0         @HCCINIT0_syncword (c:\users\user\documents\htk_project\qbell_doorbell_mb_v1_2_f9\Output\RF_API.OBJ)
     00h     00e3h     00e4h    0002h      DATA     0         @HCCINIT0_Resent_Count (c:\users\user\documents\htk_project\qbell_doorbell_mb_v1_2_f9\Output\RF_API.OBJ)
     01h     0080h     00abh    002ch      DATA     0.8863    @HCCINIT0_intF (c:\users\user\documents\htk_project\qbell_doorbell_mb_v1_2_f9\Output\HAL_GPIO.OBJ)
     02h     0080h     00dfh    0060h      DATA     0.0833    @HCCINIT0_RF_TXFIFO (c:\users\user\documents\htk_project\qbell_doorbell_mb_v1_2_f9\Output\BC3602.OBJ)
     03h     0080h     00dfh    0060h      DATA     0.0312    @HCCINIT0_RF_RXFIFO (c:\users\user\documents\htk_project\qbell_doorbell_mb_v1_2_f9\Output\BC3602.OBJ)

     Local Sections

     Bank    Start     End      Length     Class    AvgIns    Name
     00h     0096h     009dh    0008h      LOCAL    3.75      _convert_integer_to_string (c:\users\user\documents\htk_project\qbell_doorbell_mb_v1_2_f9\Output\MAIN.OBJ)
     00h     008eh     0095h    0008h      LOCAL    8.5       _builtin_holtek_divmodhi4_isr00 (C:\Program Files\Holtek MCU Development Tools\HT-IDE3000V8.x\LIB\LIBHOLTEKGCC.LIB)
     00h     008fh     0090h    0002h      LOCAL    56        _uart_printf (c:\users\user\documents\htk_project\qbell_doorbell_mb_v1_2_f9\Output\HAL_UART.OBJ)
     00h     008eh     008eh    0001h      LOCAL    2         _uart_send (c:\users\user\documents\htk_project\qbell_doorbell_mb_v1_2_f9\Output\HAL_UART.OBJ)
     00h     008eh     008eh    0000h      LOCAL    0         _Crom2Prom (CROM2PROM)
     00h     00ach     00ach    0000h      LOCAL    0         @dummy (c:\users\user\documents\htk_project\qbell_doorbell_mb_v1_2_f9\Output\MAIN.OBJ)
     00h     00ach     00ach    0000h      LOCAL    0         _main (c:\users\user\documents\htk_project\qbell_doorbell_mb_v1_2_f9\Output\MAIN.OBJ)
     00h     008eh     008eh    0000h      LOCAL    0         _Sys_init (c:\users\user\documents\htk_project\qbell_doorbell_mb_v1_2_f9\Output\HAL_RF.OBJ)
     00h     008eh     008eh    0000h      LOCAL    0         _fun_RamInit (c:\users\user\documents\htk_project\qbell_doorbell_mb_v1_2_f9\Output\HAL_RF.OBJ)
     00h     0096h     0096h    0000h      LOCAL    0         _sysInit (c:\users\user\documents\htk_project\qbell_doorbell_mb_v1_2_f9\Output\MAIN.OBJ)
     00h     008eh     008eh    0000h      LOCAL    0         _uart_prot_init (c:\users\user\documents\htk_project\qbell_doorbell_mb_v1_2_f9\Output\HAL_UART.OBJ)
     00h     008eh     008eh    0000h      LOCAL    0         _uart_int_init (c:\users\user\documents\htk_project\qbell_doorbell_mb_v1_2_f9\Output\HAL_UART.OBJ)
     00h     0090h     0090h    0000h      LOCAL    0         _adc_init (c:\users\user\documents\htk_project\qbell_doorbell_mb_v1_2_f9\Output\HAL_ADC.OBJ)
     00h     008eh     008eh    0001h      LOCAL    9         _adc_selectChannel (c:\users\user\documents\htk_project\qbell_doorbell_mb_v1_2_f9\Output\HAL_ADC.OBJ)
     00h     008eh     008eh    0000h      LOCAL    0         _lvd_init (c:\users\user\documents\htk_project\qbell_doorbell_mb_v1_2_f9\Output\HAL_ADC.OBJ)
     00h     008eh     008fh    0002h      LOCAL    43        _delay (c:\users\user\documents\htk_project\qbell_doorbell_mb_v1_2_f9\Output\MAIN.OBJ)
     00h     008eh     008eh    0000h      LOCAL    0         _IIC_Init (c:\users\user\documents\htk_project\qbell_doorbell_mb_v1_2_f9\Output\HAL_I2C.OBJ)
     00h     0096h     0096h    0000h      LOCAL    0         _ktd_en (c:\users\user\documents\htk_project\qbell_doorbell_mb_v1_2_f9\Output\HAL_KTD.OBJ)
     00h     0090h     0095h    0006h      LOCAL    39        _WriteI2C_Int (c:\users\user\documents\htk_project\qbell_doorbell_mb_v1_2_f9\Output\HAL_I2C.OBJ)
     00h     008eh     008eh    0000h      LOCAL    0         _IIC_Start (c:\users\user\documents\htk_project\qbell_doorbell_mb_v1_2_f9\Output\HAL_I2C.OBJ)
     00h     008eh     008eh    0000h      LOCAL    0         __DELAYX (C:\Program Files\Holtek MCU Development Tools\HT-IDE3000V8.x\LIB\LIBHOLTEKGCC.LIB)
     00h     008eh     008fh    0002h      LOCAL    4         _Wr_Byte (c:\users\user\documents\htk_project\qbell_doorbell_mb_v1_2_f9\Output\HAL_I2C.OBJ)
     00h     008eh     008eh    0000h      LOCAL    0         _checkAck (c:\users\user\documents\htk_project\qbell_doorbell_mb_v1_2_f9\Output\HAL_I2C.OBJ)
     00h     008eh     008eh    0000h      LOCAL    0         _IIC_Stop (c:\users\user\documents\htk_project\qbell_doorbell_mb_v1_2_f9\Output\HAL_I2C.OBJ)
     00h     0096h     0096h    0000h      LOCAL    0         _ktd_clear (c:\users\user\documents\htk_project\qbell_doorbell_mb_v1_2_f9\Output\HAL_KTD.OBJ)
     00h     008eh     008eh    0000h      LOCAL    0         _int_init (c:\users\user\documents\htk_project\qbell_doorbell_mb_v1_2_f9\Output\HAL_GPIO.OBJ)
     00h     008eh     008eh    0000h      LOCAL    0         _gpio_init (c:\users\user\documents\htk_project\qbell_doorbell_mb_v1_2_f9\Output\HAL_GPIO.OBJ)
     00h     0094h     0094h    0000h      LOCAL    0         _RF_Init (c:\users\user\documents\htk_project\qbell_doorbell_mb_v1_2_f9\Output\BC3602.OBJ)
     00h     008eh     008eh    0000h      LOCAL    0         _SpiIOInti (c:\users\user\documents\htk_project\qbell_doorbell_mb_v1_2_f9\Output\SPI.OBJ)
     00h     008fh     008fh    0001h      LOCAL    2         _SpiWriteStrobeCMD (c:\users\user\documents\htk_project\qbell_doorbell_mb_v1_2_f9\Output\BC3602.OBJ)
     00h     008eh     008eh    0000h      LOCAL    0         _SpiCSN_low (c:\users\user\documents\htk_project\qbell_doorbell_mb_v1_2_f9\Output\SPI.OBJ)
     00h     008eh     008eh    0001h      LOCAL    2         _SpiWrite (c:\users\user\documents\htk_project\qbell_doorbell_mb_v1_2_f9\Output\SPI.OBJ)
     00h     008eh     008eh    0000h      LOCAL    0         _SpiCSN_high (c:\users\user\documents\htk_project\qbell_doorbell_mb_v1_2_f9\Output\SPI.OBJ)
     00h     0091h     0091h    0001h      LOCAL    4         _ResetLvRF (c:\users\user\documents\htk_project\qbell_doorbell_mb_v1_2_f9\Output\BC3602.OBJ)
     00h     008fh     0090h    0002h      LOCAL    2         _SpiReadRegCMD (c:\users\user\documents\htk_project\qbell_doorbell_mb_v1_2_f9\Output\BC3602.OBJ)
     00h     008eh     008eh    0000h      LOCAL    0         _SpiRead (c:\users\user\documents\htk_project\qbell_doorbell_mb_v1_2_f9\Output\SPI.OBJ)
     00h     008fh     0090h    0002h      LOCAL    32.5      _SpiWriteRegCMD (c:\users\user\documents\htk_project\qbell_doorbell_mb_v1_2_f9\Output\BC3602.OBJ)
     00h     0091h     0092h    0002h      LOCAL    12.5      _BC3602_Config (c:\users\user\documents\htk_project\qbell_doorbell_mb_v1_2_f9\Output\BC3602.OBJ)
     00h     0094h     0094h    0000h      LOCAL    0         _RFWriteSyncword (c:\users\user\documents\htk_project\qbell_doorbell_mb_v1_2_f9\Output\BC3602.OBJ)
     00h     008fh     0093h    0005h      LOCAL    2.4       _RFWriteBuf (c:\users\user\documents\htk_project\qbell_doorbell_mb_v1_2_f9\Output\BC3602.OBJ)
     00h     0091h     0092h    0002h      LOCAL    2.5       _RFWriteFreqTABLE (c:\users\user\documents\htk_project\qbell_doorbell_mb_v1_2_f9\Output\BC3602.OBJ)
     00h     0091h     0092h    0002h      LOCAL    5         _RFSetDRPram (c:\users\user\documents\htk_project\qbell_doorbell_mb_v1_2_f9\Output\BC3602.OBJ)
     00h     0091h     0092h    0002h      LOCAL    1.5       _RFSetPower (c:\users\user\documents\htk_project\qbell_doorbell_mb_v1_2_f9\Output\BC3602.OBJ)
     00h     0091h     0091h    0000h      LOCAL    0         _RFXtalReady (c:\users\user\documents\htk_project\qbell_doorbell_mb_v1_2_f9\Output\BC3602.OBJ)
     00h     0091h     0091h    0000h      LOCAL    0         _RFCalibration (c:\users\user\documents\htk_project\qbell_doorbell_mb_v1_2_f9\Output\BC3602.OBJ)
     00h     0091h     0091h    0000h      LOCAL    0         _LircCalibration (c:\users\user\documents\htk_project\qbell_doorbell_mb_v1_2_f9\Output\BC3602.OBJ)
     00h     0091h     0091h    0001h      LOCAL    2         _RFGetClrRFIrq (c:\users\user\documents\htk_project\qbell_doorbell_mb_v1_2_f9\Output\BC3602.OBJ)
     00h     0095h     0095h    0001h      LOCAL    2         _RF_Parameter_loading (c:\users\user\documents\htk_project\qbell_doorbell_mb_v1_2_f9\Output\RF_API.OBJ)
     00h     008fh     0094h    0006h      LOCAL    4         _RFReadBuf2 (c:\users\user\documents\htk_project\qbell_doorbell_mb_v1_2_f9\Output\BC3602.OBJ)
     00h     0094h     0094h    0000h      LOCAL    0         _app_eeprom_addr_check (c:\users\user\documents\htk_project\qbell_doorbell_mb_v1_2_f9\Output\APP.OBJ)
     00h     0092h     0093h    0002h      LOCAL    3         _eepromDeviceAddrRead (c:\users\user\documents\htk_project\qbell_doorbell_mb_v1_2_f9\Output\HAL_EEPROM.OBJ)
     00h     0090h     0091h    0002h      LOCAL    2         _eeprom_read (c:\users\user\documents\htk_project\qbell_doorbell_mb_v1_2_f9\Output\HAL_EEPROM.OBJ)
     00h     0092h     0092h    0000h      LOCAL    0         _eepromDeviceAddrCpyAckRead (c:\users\user\documents\htk_project\qbell_doorbell_mb_v1_2_f9\Output\HAL_EEPROM.OBJ)
     00h     0092h     0093h    0002h      LOCAL    3         _eepromDeviceAddrCpyRead (c:\users\user\documents\htk_project\qbell_doorbell_mb_v1_2_f9\Output\HAL_EEPROM.OBJ)
     00h     008eh     0093h    0006h      LOCAL    3.3333    _memcmp (C:\Program Files\Holtek MCU Development Tools\HT-IDE3000V8.x\LIB\v3_lmrsc.lib)
     00h     008eh     008fh    0002h      LOCAL    3         _eeprom_write (c:\users\user\documents\htk_project\qbell_doorbell_mb_v1_2_f9\Output\HAL_EEPROM.OBJ)
     00h     0091h     0091h    0001h      LOCAL    0         _eepromDeviceAddrCpyAckWrite (c:\users\user\documents\htk_project\qbell_doorbell_mb_v1_2_f9\Output\HAL_EEPROM.OBJ)
     00h     0091h     0092h    0002h      LOCAL    3         _eepromDeviceAddrCpyWrite (c:\users\user\documents\htk_project\qbell_doorbell_mb_v1_2_f9\Output\HAL_EEPROM.OBJ)
     00h     00a0h     00abh    000ch      LOCAL    0.8333    _app (c:\users\user\documents\htk_project\qbell_doorbell_mb_v1_2_f9\Output\APP.OBJ)
     00h     008fh     008fh    0001h      LOCAL    0         _LED (c:\users\user\documents\htk_project\qbell_doorbell_mb_v1_2_f9\Output\APP.OBJ)
     00h     008eh     008eh    0001h      LOCAL    1         _rgb_blink (c:\users\user\documents\htk_project\qbell_doorbell_mb_v1_2_f9\Output\APP.OBJ)
     00h     008eh     008eh    0000h      LOCAL    0         _adc_getValue (c:\users\user\documents\htk_project\qbell_doorbell_mb_v1_2_f9\Output\HAL_ADC.OBJ)
     00h     0096h     009fh    000ah      LOCAL    4.3       _itoa (c:\users\user\documents\htk_project\qbell_doorbell_mb_v1_2_f9\Output\HAL_UART.OBJ)
     00h     008eh     0093h    0006h      LOCAL    3.1667    _builtin_holtek_mulhi3_isr00 (C:\Program Files\Holtek MCU Development Tools\HT-IDE3000V8.x\LIB\LIBHOLTEKGCC.LIB)
     00h     0091h     0091h    0001h      LOCAL    3         _lvd_mode_select (c:\users\user\documents\htk_project\qbell_doorbell_mb_v1_2_f9\Output\HAL_ADC.OBJ)
     00h     008eh     008eh    0001h      LOCAL    1         _lvd_read_select (c:\users\user\documents\htk_project\qbell_doorbell_mb_v1_2_f9\Output\HAL_ADC.OBJ)
     00h     0093h     0094h    0002h      LOCAL    1         _KEY_Process (c:\users\user\documents\htk_project\qbell_doorbell_mb_v1_2_f9\Output\HAL_RF.OBJ)
     00h     0091h     0092h    0002h      LOCAL    3         _DATA_Process (c:\users\user\documents\htk_project\qbell_doorbell_mb_v1_2_f9\Output\HAL_RF.OBJ)
     00h     008eh     008eh    0000h      LOCAL    0         _System_deepsleep (c:\users\user\documents\htk_project\qbell_doorbell_mb_v1_2_f9\Output\HAL_RF.OBJ)
     00h     0095h     0097h    0003h      LOCAL    16        _ExtendFIFO_TX_Process (c:\users\user\documents\htk_project\qbell_doorbell_mb_v1_2_f9\Output\RF_API.OBJ)
     00h     0091h     0091h    0000h      LOCAL    0         _Extend_FIFO_Enable (c:\users\user\documents\htk_project\qbell_doorbell_mb_v1_2_f9\Output\BC3602.OBJ)
     00h     008fh     0094h    0006h      LOCAL    5         _RFWriteBuf2 (c:\users\user\documents\htk_project\qbell_doorbell_mb_v1_2_f9\Output\BC3602.OBJ)
     00h     0095h     0097h    0003h      LOCAL    18.667    _ExtendFIFO_RX_Process (c:\users\user\documents\htk_project\qbell_doorbell_mb_v1_2_f9\Output\RF_API.OBJ)
     00h     0091h     0092h    0002h      LOCAL    11        _RF_Finished_Process (c:\users\user\documents\htk_project\qbell_doorbell_mb_v1_2_f9\Output\HAL_RF.OBJ)
     00h     00a0h     00a0h    0001h      LOCAL    2         _uart_int (c:\users\user\documents\htk_project\qbell_doorbell_mb_v1_2_f9\Output\HAL_UART.OBJ)
     00h     008eh     0093h    0006h      LOCAL    2.6667    _memcpy (C:\Program Files\Holtek MCU Development Tools\HT-IDE3000V8.x\LIB\v3_lmrsc.lib)
     00h     008eh     008eh    0000h      LOCAL    0         @dummy4 (c:\users\user\documents\htk_project\qbell_doorbell_mb_v1_2_f9\Output\HAL_GPIO.OBJ)
     00h     008eh     008eh    0000h      LOCAL    0         _INT0_proc (c:\users\user\documents\htk_project\qbell_doorbell_mb_v1_2_f9\Output\HAL_GPIO.OBJ)
     00h     008eh     008eh    0000h      LOCAL    0         @dummy36 (c:\users\user\documents\htk_project\qbell_doorbell_mb_v1_2_f9\Output\HAL_GPIO.OBJ)
     00h     008eh     008eh    0000h      LOCAL    0         _INT1_proc (c:\users\user\documents\htk_project\qbell_doorbell_mb_v1_2_f9\Output\HAL_GPIO.OBJ)
     00h     008eh     008eh    0000h      LOCAL    0         _Rd_Byte (c:\users\user\documents\htk_project\qbell_doorbell_mb_v1_2_f9\Output\HAL_I2C.OBJ)
     00h     0096h     0098h    0003h      LOCAL    0.6666    _ktd_rgb_ctrl (c:\users\user\documents\htk_project\qbell_doorbell_mb_v1_2_f9\Output\HAL_KTD.OBJ)
     00h     009fh     00a5h    0007h      LOCAL    4.8571    _ktd_clockwise_ring (c:\users\user\documents\htk_project\qbell_doorbell_mb_v1_2_f9\Output\HAL_KTD.OBJ)
     00h     0096h     009eh    0009h      LOCAL    11.778    _ktd_ring (c:\users\user\documents\htk_project\qbell_doorbell_mb_v1_2_f9\Output\HAL_KTD.OBJ)
     00h     009fh     00a5h    0007h      LOCAL    4.8571    _ktd_anticlockwise_ring (c:\users\user\documents\htk_project\qbell_doorbell_mb_v1_2_f9\Output\HAL_KTD.OBJ)
     00h     008fh     0095h    0007h      LOCAL    1.8571    _RFReadBuf (c:\users\user\documents\htk_project\qbell_doorbell_mb_v1_2_f9\Output\BC3602.OBJ)
     00h     0091h     0094h    0004h      LOCAL    3         _RFWriteFreq (c:\users\user\documents\htk_project\qbell_doorbell_mb_v1_2_f9\Output\BC3602.OBJ)
     00h     0090h     0090h    0000h      LOCAL    0         _ResetTXFIFO (c:\users\user\documents\htk_project\qbell_doorbell_mb_v1_2_f9\Output\BC3602.OBJ)
     00h     0090h     0090h    0000h      LOCAL    0         _ResetRXFIFO (c:\users\user\documents\htk_project\qbell_doorbell_mb_v1_2_f9\Output\BC3602.OBJ)
     00h     0090h     0090h    0000h      LOCAL    0         _EntryLightSleep (c:\users\user\documents\htk_project\qbell_doorbell_mb_v1_2_f9\Output\BC3602.OBJ)
     00h     0090h     0090h    0000h      LOCAL    0         _EntryDeepSleep (c:\users\user\documents\htk_project\qbell_doorbell_mb_v1_2_f9\Output\BC3602.OBJ)
     00h     0090h     0090h    0000h      LOCAL    0         _EntryIdleMode (c:\users\user\documents\htk_project\qbell_doorbell_mb_v1_2_f9\Output\BC3602.OBJ)
     00h     0091h     0091h    0001h      LOCAL    3         _RF_TxCarrier (c:\users\user\documents\htk_project\qbell_doorbell_mb_v1_2_f9\Output\BC3602.OBJ)
     00h     0091h     0091h    0001h      LOCAL    2         _RF_RxBER (c:\users\user\documents\htk_project\qbell_doorbell_mb_v1_2_f9\Output\BC3602.OBJ)
     00h     0095h     0097h    0003h      LOCAL    1.3333    _RF_WriteFreq (c:\users\user\documents\htk_project\qbell_doorbell_mb_v1_2_f9\Output\BC3602.OBJ)
     00h     0095h     0096h    0002h      LOCAL    1         _RF_SetSniffPrm (c:\users\user\documents\htk_project\qbell_doorbell_mb_v1_2_f9\Output\BC3602.OBJ)
     00h     0095h     0096h    0002h      LOCAL    1         _RF_SetAddr (c:\users\user\documents\htk_project\qbell_doorbell_mb_v1_2_f9\Output\BC3602.OBJ)
     00h     0091h     0091h    0000h      LOCAL    0         _RF_EntryRxMode (c:\users\user\documents\htk_project\qbell_doorbell_mb_v1_2_f9\Output\BC3602.OBJ)
     00h     0091h     0091h    0000h      LOCAL    0         _RFDisATR (c:\users\user\documents\htk_project\qbell_doorbell_mb_v1_2_f9\Output\BC3602.OBJ)
     00h     0091h     0091h    0000h      LOCAL    0         _RF_EntrySniffMode (c:\users\user\documents\htk_project\qbell_doorbell_mb_v1_2_f9\Output\BC3602.OBJ)
     00h     0091h     0091h    0000h      LOCAL    0         _RFEnATR (c:\users\user\documents\htk_project\qbell_doorbell_mb_v1_2_f9\Output\BC3602.OBJ)
     00h     0091h     0091h    0000h      LOCAL    0         _RF_EntryWOT_Mode (c:\users\user\documents\htk_project\qbell_doorbell_mb_v1_2_f9\Output\BC3602.OBJ)
     00h     0094h     0094h    0000h      LOCAL    0         _RF_SendData (c:\users\user\documents\htk_project\qbell_doorbell_mb_v1_2_f9\Output\BC3602.OBJ)
     00h     008fh     0093h    0005h      LOCAL    3.2       _WriteFIFO (c:\users\user\documents\htk_project\qbell_doorbell_mb_v1_2_f9\Output\BC3602.OBJ)
     00h     0091h     0091h    0000h      LOCAL    0         _RF_ResendData (c:\users\user\documents\htk_project\qbell_doorbell_mb_v1_2_f9\Output\BC3602.OBJ)
     00h     0094h     0094h    0000h      LOCAL    0         _RF_ReadRxData (c:\users\user\documents\htk_project\qbell_doorbell_mb_v1_2_f9\Output\BC3602.OBJ)
     00h     008fh     0093h    0005h      LOCAL    3.2       _ReadFIFO (c:\users\user\documents\htk_project\qbell_doorbell_mb_v1_2_f9\Output\BC3602.OBJ)
     00h     0091h     0091h    0000h      LOCAL    0         _RFReadRssi (c:\users\user\documents\htk_project\qbell_doorbell_mb_v1_2_f9\Output\BC3602.OBJ)
     00h     0091h     0091h    0000h      LOCAL    0         _Extend_FIFO_Disable (c:\users\user\documents\htk_project\qbell_doorbell_mb_v1_2_f9\Output\BC3602.OBJ)
     00h     0091h     0091h    0000h      LOCAL    0         _RFEnARK (c:\users\user\documents\htk_project\qbell_doorbell_mb_v1_2_f9\Output\BC3602.OBJ)
     00h     0091h     0091h    0000h      LOCAL    0         _RFDisARK (c:\users\user\documents\htk_project\qbell_doorbell_mb_v1_2_f9\Output\BC3602.OBJ)
     00h     008eh     0095h    0008h      LOCAL    1.875     _CRC16_CCITT_FALSE (c:\users\user\documents\htk_project\qbell_doorbell_mb_v1_2_f9\Output\BC3602.OBJ)
     00h     0096h     0096h    0000h      LOCAL    0         _RF_Process_Init (c:\users\user\documents\htk_project\qbell_doorbell_mb_v1_2_f9\Output\HAL_RF.OBJ)
     00h     0095h     0095h    0000h      LOCAL    0         _RF_Process (c:\users\user\documents\htk_project\qbell_doorbell_mb_v1_2_f9\Output\HAL_RF.OBJ)
     00h     008eh     008eh    0000h      LOCAL    0         @dummy28 (c:\users\user\documents\htk_project\qbell_doorbell_mb_v1_2_f9\Output\HAL_RF.OBJ)
     00h     008eh     008eh    0000h      LOCAL    0         _TB0_proc (c:\users\user\documents\htk_project\qbell_doorbell_mb_v1_2_f9\Output\HAL_RF.OBJ)
     00h     0094h     0094h    0000h      LOCAL    0         _app_pair_status_check (c:\users\user\documents\htk_project\qbell_doorbell_mb_v1_2_f9\Output\APP.OBJ)
     00h     0096h     0096h    0000h      LOCAL    0         _initSys (c:\users\user\documents\htk_project\qbell_doorbell_mb_v1_2_f9\Output\APP.OBJ)

     Indepentent Local Sections

     Bank    Start     End      Length     Class    AvgIns    Name
     00h     008eh     008eh    0000h      ILOCAL   0         _lvd_read (c:\users\user\documents\htk_project\qbell_doorbell_mb_v1_2_f9\Output\HAL_ADC.OBJ)
     00h     008eh     008eh    0000h      ILOCAL   0         _uart_receive (c:\users\user\documents\htk_project\qbell_doorbell_mb_v1_2_f9\Output\HAL_UART.OBJ)
     00h     008eh     0090h    0003h      ILOCAL   1         _rgb_led_ctrl (c:\users\user\documents\htk_project\qbell_doorbell_mb_v1_2_f9\Output\HAL_GPIO.OBJ)
     00h     008eh     008eh    0000h      ILOCAL   0         _RFReadSyncword (c:\users\user\documents\htk_project\qbell_doorbell_mb_v1_2_f9\Output\BC3602.OBJ)
     00h     008eh     008eh    0000h      ILOCAL   0         _eeprom_init (c:\users\user\documents\htk_project\qbell_doorbell_mb_v1_2_f9\Output\HAL_EEPROM.OBJ)

     Public Symbols Information
     Address            Public by Name
     00d6h              _ADC_Value
     00f6h              _BANK0_REGS_TALBE
     00f2h              _BANK1_REGS_TALBE
     00eah              _BANK2_REGS_TALBE
     0a84h              _BC3602_Config
     00e8h              _BC3602_SYNCWORD
     00b9h              _BC3602_T
     01d0h              _BC3602_pn9_dataM
     00b7h              _CBPF_REGS_TALBE
     0101h              _COMMON_REGS_TALBE
     0d42h              _CRC16_CCITT_FALSE
     14e4h              _Crom2Prom
     14e3h              _Crom2PromNext
     116bh              _DATA_Process
     00cdh              _DM_REGS_TALBE
     00afh              _DeviceACK_CMD_Flag
     00ach              _DeviceACK_Flag
     0bfdh              _EntryDeepSleep
     0c00h              _EntryIdleMode
     0bfah              _EntryLightSleep
     00b3h              _ExtRxLength
     00adh              _ExtTxLength
     0ecah              _ExtendFIFO_RX_Process
     0dc7h              _ExtendFIFO_TX_Process
     0d17h              _Extend_FIFO_Disable
     0d04h              _Extend_FIFO_Enable
     00bah              _FCF_REGS_TALBE
     00aeh              _Fg_I2c_WrRd
     00d8h              _Frequency_REGS_TALBE
     0020h              _IIC_Init
     060fh              _IIC_Start
     061fh              _IIC_Stop
     0601h              _INT0_proc
     0608h              _INT1_proc
     010dh              _IRQIO_REGS_TALBE
     1195h              _KEY_Process
     132bh              _LED
     0c03h              _LircCalibration
     00b4h              _Mflag
     0102h              _PACKET_REGS_TALBE
     0bdeh              _RFCalibration
     0d39h              _RFDisARK
     0a62h              _RFDisATR
     0d28h              _RFEnARK
     0a59h              _RFEnATR
     0bech              _RFGetClrRFIrq
     09e8h              _RFReadBuf
     0a03h              _RFReadBuf2
     0cffh              _RFReadRssi
     0003h              _RFReadSyncword
     0b24h              _RFSetDRPram
     0bc0h              _RFSetPower
     09b7h              _RFWriteBuf
     09cch              _RFWriteBuf2
     0b92h              _RFWriteFreq
     0b6dh              _RFWriteFreqTABLE
     0b13h              _RFWriteSyncword
     0a6bh              _RFXtalReady
     0ca8h              _RF_EntryRxMode
     0cb6h              _RF_EntrySniffMode
     0cc9h              _RF_EntryWOT_Mode
     1092h              _RF_Finished_Process
     00deh              _RF_IRQ
     0c11h              _RF_Init
     0d88h              _RF_Parameter_loading
     11d9h              _RF_Process
     108ch              _RF_Process_Init
     0380h              _RF_RXFIFO
     0cf5h              _RF_ReadRxData
     0cefh              _RF_ResendData
     0c4eh              _RF_RxBER
     0cdah              _RF_SendData
     0c9fh              _RF_SetAddr
     0c96h              _RF_SetSniffPrm
     0280h              _RF_TXFIFO
     0c29h              _RF_TxCarrier
     0c7eh              _RF_WriteFreq
     0652h              _Rd_Byte
     0a3ch              _ReadFIFO
     00dah              _ReceiveData
     00e3h              _Resent_Count
     0a71h              _ResetLvRF
     0bf7h              _ResetRXFIFO
     0bf4h              _ResetTXFIFO
     00ddh              _Rx_Buff
     1048h              _SpiCSN_high
     1046h              _SpiCSN_low
     1036h              _SpiIOInti
     104ah              _SpiRead
     09abh              _SpiReadRegCMD
     1055h              _SpiWrite
     099ah              _SpiWriteRegCMD
     09a5h              _SpiWriteStrobeCMD
     1072h              _Sys_init
     11e9h              _System_deepsleep
     11f1h              _TB0_proc
     00dch              _TxPowerValue
     062ch              _Wr_Byte
     0a21h              _WriteFIFO
     0685h              _WriteI2C_Int
     0092h              _WriteI2C_Int_2
     1480h              __DELAYX0
     147fh              __DELAYX1
     147fh              __DELAYX2
     147eh              __DELAYX3
     147eh              __DELAYX4
     147dh              __DELAYX5
     147dh              __DELAYX6
     00d8h              _a
     044bh              _adc_getValue
     0463h              _adc_init
     03f9h              _adc_selectChannel
     1348h              _app
     1292h              _app_eeprom_addr_check
     1281h              _app_pair_status_check
     1433h              _builtin_holtek_divmodhi4_isr00
     146ah              _builtin_holtek_mulhi3_isr00
     143ch              _builtin_holtek_udivmodhi4_isr00
     066eh              _checkAck
     0330h              _convert_integer_to_string
     0096h              _convert_integer_to_string_2
     03b2h              _delay
     008eh              _delay_2
     1257h              _eepromDeviceAddrCpyAckRead
     1276h              _eepromDeviceAddrCpyAckWrite
     123fh              _eepromDeviceAddrCpyRead
     125fh              _eepromDeviceAddrCpyWrite
     122dh              _eepromDeviceAddrRead
     11f6h              _eeprom_init
     1211h              _eeprom_read
     11fah              _eeprom_write
     105fh              _fun_RamInit
     05c8h              _gpio_init
     1424h              _initSys
     0180h              _intF
     05d9h              _int_init
     04d1h              _itoa
     009eh              _itoa_2
     0906h              _ktd_anticlockwise_ring
     06b7h              _ktd_clear
     0872h              _ktd_clockwise_ring
     00a1h              _ktd_clockwise_ring_2
     069bh              _ktd_en
     0724h              _ktd_rgb_ctrl
     07cbh              _ktd_ring
     0015h              _lvd_init
     0481h              _lvd_mode_select
     0476h              _lvd_read
     04a8h              _lvd_read_select
     00d2h              _mRFSync
     03c8h              _main
     0001h              _margin_len
     14afh              _memcmp
     1487h              _memcpy
     1311h              _rgb_blink
     05e4h              _rgb_led_ctrl
     00dfh              _syncword
     000eh              _sysInit
     00b1h              _temPtr
     00b0h              _u16_I2cError_Cnt
     00dch              _u8_I2c_WrRd_1ms
     00dbh              _u8_IIC_Count
     05ach              _uart_int
     057ah              _uart_int_init
     059dh              _uart_printf
     0090h              _uart_printf_2
     0581h              _uart_prot_init
     0597h              _uart_receive
     058fh              _uart_send
     0088h              r104
     008ch              r11c
     008ah              r124
     0089h              r204
     008dh              r21c
     008bh              r224
     0080h              ra
     0081h              rb
     0082h              rc
     0083h              rd
     0084h              re
     0085h              rf
     0086h              rg
     0087h              rh
     0008h              startup_value_1

     Address            Public by Value
     0001h              _margin_len
     0003h              _RFReadSyncword
     0008h              startup_value_1
     000eh              _sysInit
     0015h              _lvd_init
     0020h              _IIC_Init
     0080h              ra
     0081h              rb
     0082h              rc
     0083h              rd
     0084h              re
     0085h              rf
     0086h              rg
     0087h              rh
     0088h              r104
     0089h              r204
     008ah              r124
     008bh              r224
     008ch              r11c
     008dh              r21c
     008eh              _delay_2
     0090h              _uart_printf_2
     0092h              _WriteI2C_Int_2
     0096h              _convert_integer_to_string_2
     009eh              _itoa_2
     00a1h              _ktd_clockwise_ring_2
     00ach              _DeviceACK_Flag
     00adh              _ExtTxLength
     00aeh              _Fg_I2c_WrRd
     00afh              _DeviceACK_CMD_Flag
     00b0h              _u16_I2cError_Cnt
     00b1h              _temPtr
     00b3h              _ExtRxLength
     00b4h              _Mflag
     00b7h              _CBPF_REGS_TALBE
     00b9h              _BC3602_T
     00bah              _FCF_REGS_TALBE
     00cdh              _DM_REGS_TALBE
     00d2h              _mRFSync
     00d6h              _ADC_Value
     00d8h              _Frequency_REGS_TALBE
     00d8h              _a
     00dah              _ReceiveData
     00dbh              _u8_IIC_Count
     00dch              _u8_I2c_WrRd_1ms
     00dch              _TxPowerValue
     00ddh              _Rx_Buff
     00deh              _RF_IRQ
     00dfh              _syncword
     00e3h              _Resent_Count
     00e8h              _BC3602_SYNCWORD
     00eah              _BANK2_REGS_TALBE
     00f2h              _BANK1_REGS_TALBE
     00f6h              _BANK0_REGS_TALBE
     0101h              _COMMON_REGS_TALBE
     0102h              _PACKET_REGS_TALBE
     010dh              _IRQIO_REGS_TALBE
     0180h              _intF
     01d0h              _BC3602_pn9_dataM
     0280h              _RF_TXFIFO
     0330h              _convert_integer_to_string
     0380h              _RF_RXFIFO
     03b2h              _delay
     03c8h              _main
     03f9h              _adc_selectChannel
     044bh              _adc_getValue
     0463h              _adc_init
     0476h              _lvd_read
     0481h              _lvd_mode_select
     04a8h              _lvd_read_select
     04d1h              _itoa
     057ah              _uart_int_init
     0581h              _uart_prot_init
     058fh              _uart_send
     0597h              _uart_receive
     059dh              _uart_printf
     05ach              _uart_int
     05c8h              _gpio_init
     05d9h              _int_init
     05e4h              _rgb_led_ctrl
     0601h              _INT0_proc
     0608h              _INT1_proc
     060fh              _IIC_Start
     061fh              _IIC_Stop
     062ch              _Wr_Byte
     0652h              _Rd_Byte
     066eh              _checkAck
     0685h              _WriteI2C_Int
     069bh              _ktd_en
     06b7h              _ktd_clear
     0724h              _ktd_rgb_ctrl
     07cbh              _ktd_ring
     0872h              _ktd_clockwise_ring
     0906h              _ktd_anticlockwise_ring
     099ah              _SpiWriteRegCMD
     09a5h              _SpiWriteStrobeCMD
     09abh              _SpiReadRegCMD
     09b7h              _RFWriteBuf
     09cch              _RFWriteBuf2
     09e8h              _RFReadBuf
     0a03h              _RFReadBuf2
     0a21h              _WriteFIFO
     0a3ch              _ReadFIFO
     0a59h              _RFEnATR
     0a62h              _RFDisATR
     0a6bh              _RFXtalReady
     0a71h              _ResetLvRF
     0a84h              _BC3602_Config
     0b13h              _RFWriteSyncword
     0b24h              _RFSetDRPram
     0b6dh              _RFWriteFreqTABLE
     0b92h              _RFWriteFreq
     0bc0h              _RFSetPower
     0bdeh              _RFCalibration
     0bech              _RFGetClrRFIrq
     0bf4h              _ResetTXFIFO
     0bf7h              _ResetRXFIFO
     0bfah              _EntryLightSleep
     0bfdh              _EntryDeepSleep
     0c00h              _EntryIdleMode
     0c03h              _LircCalibration
     0c11h              _RF_Init
     0c29h              _RF_TxCarrier
     0c4eh              _RF_RxBER
     0c7eh              _RF_WriteFreq
     0c96h              _RF_SetSniffPrm
     0c9fh              _RF_SetAddr
     0ca8h              _RF_EntryRxMode
     0cb6h              _RF_EntrySniffMode
     0cc9h              _RF_EntryWOT_Mode
     0cdah              _RF_SendData
     0cefh              _RF_ResendData
     0cf5h              _RF_ReadRxData
     0cffh              _RFReadRssi
     0d04h              _Extend_FIFO_Enable
     0d17h              _Extend_FIFO_Disable
     0d28h              _RFEnARK
     0d39h              _RFDisARK
     0d42h              _CRC16_CCITT_FALSE
     0d88h              _RF_Parameter_loading
     0dc7h              _ExtendFIFO_TX_Process
     0ecah              _ExtendFIFO_RX_Process
     1036h              _SpiIOInti
     1046h              _SpiCSN_low
     1048h              _SpiCSN_high
     104ah              _SpiRead
     1055h              _SpiWrite
     105fh              _fun_RamInit
     1072h              _Sys_init
     108ch              _RF_Process_Init
     1092h              _RF_Finished_Process
     116bh              _DATA_Process
     1195h              _KEY_Process
     11d9h              _RF_Process
     11e9h              _System_deepsleep
     11f1h              _TB0_proc
     11f6h              _eeprom_init
     11fah              _eeprom_write
     1211h              _eeprom_read
     122dh              _eepromDeviceAddrRead
     123fh              _eepromDeviceAddrCpyRead
     1257h              _eepromDeviceAddrCpyAckRead
     125fh              _eepromDeviceAddrCpyWrite
     1276h              _eepromDeviceAddrCpyAckWrite
     1281h              _app_pair_status_check
     1292h              _app_eeprom_addr_check
     1311h              _rgb_blink
     132bh              _LED
     1348h              _app
     1424h              _initSys
     1433h              _builtin_holtek_divmodhi4_isr00
     143ch              _builtin_holtek_udivmodhi4_isr00
     146ah              _builtin_holtek_mulhi3_isr00
     147dh              __DELAYX5
     147dh              __DELAYX6
     147eh              __DELAYX3
     147eh              __DELAYX4
     147fh              __DELAYX1
     147fh              __DELAYX2
     1480h              __DELAYX0
     1487h              _memcpy
     14afh              _memcmp
     14e3h              _Crom2PromNext
     14e4h              _Crom2Prom


ROM Usage Statistics
     Size      Used     Percentage
     2000h     14f2h    65%

RAM Usage Statistics
    Bank      Size      Used     Percentage
     00h       0080h     0065h    78%
     01h       0080h     002ch    34%
     02h       0080h     0060h    75%
     03h       0080h     0060h    75%
     Total     0200h     0151h    65%

Use Stack Count
_convert_integer_to_string: 2
_main: 5
_uart_int: 2
_INT0_proc: 0
_INT1_proc: 0
_Rd_Byte: 1
_ktd_rgb_ctrl: 3
_ktd_clockwise_ring: 4
_ktd_anticlockwise_ring: 4
_RFReadBuf: 1
_RFWriteFreq: 2
_ResetTXFIFO: 2
_ResetRXFIFO: 2
_EntryLightSleep: 2
_EntryDeepSleep: 2
_EntryIdleMode: 2
_RF_TxCarrier: 3
_RF_RxBER: 3
_RF_WriteFreq: 2
_RF_SetSniffPrm: 2
_RF_SetAddr: 2
_RF_EntryRxMode: 3
_RF_EntrySniffMode: 3
_RF_EntryWOT_Mode: 3
_RF_SendData: 3
_RF_ResendData: 3
_RF_ReadRxData: 2
_RFReadRssi: 2
_Extend_FIFO_Disable: 2
_RFEnARK: 2
_RFDisARK: 2
_CRC16_CCITT_FALSE: 1
_RF_Process_Init: 4
_RF_Process: 4
_TB0_proc: 0
_app_pair_status_check: 3
_initSys: 5

Call Tree
    _convert_integer_to_string
        _builtin_holtek_divmodhi4_isr00 (0)
        _uart_printf (0)
            _uart_send (1)
            _Crom2Prom (1)
    @dummy
        _main (0)
            _Sys_init (1)
                _fun_RamInit (2)
            _sysInit (1)
                _uart_prot_init (2)
                    _uart_int_init (3)
                _adc_init (2)
                    _adc_selectChannel (3)
                    _lvd_init (3)
                    _delay (3)
                _IIC_Init (2)
                _ktd_en (2)
                    _WriteI2C_Int (3)
                        _IIC_Start (4)
                            __DELAYX (5)
                        _Wr_Byte (4)
                            __DELAYX (5)
                        _checkAck (4)
                            __DELAYX (5)
                        _IIC_Stop (4)
                            __DELAYX (5)
                    _delay (3)
                _ktd_clear (2)
                    _WriteI2C_Int (3)
                        _IIC_Start (4)
                            __DELAYX (5)
                        _Wr_Byte (4)
                            __DELAYX (5)
                        _checkAck (4)
                            __DELAYX (5)
                        _IIC_Stop (4)
                            __DELAYX (5)
                _int_init (2)
                    _gpio_init (3)
            _RF_Init (1)
                _SpiIOInti (2)
                _SpiWriteStrobeCMD (2)
                    _SpiCSN_low (3)
                    _SpiWrite (3)
                    _SpiCSN_high (3)
                _ResetLvRF (2)
                    _SpiReadRegCMD (3)
                        _SpiCSN_low (4)
                        _SpiWrite (4)
                        _SpiRead (4)
                        _SpiCSN_high (4)
                    _SpiWriteRegCMD (3)
                        _SpiCSN_low (4)
                        _SpiWrite (4)
                        _SpiCSN_high (4)
                _BC3602_Config (2)
                    _Crom2Prom (3)
                    _Crom2Prom (3)
                    _SpiWriteRegCMD (3)
                        _SpiCSN_low (4)
                        _SpiWrite (4)
                        _SpiCSN_high (4)
                    _SpiWriteStrobeCMD (3)
                        _SpiCSN_low (4)
                        _SpiWrite (4)
                        _SpiCSN_high (4)
                _RFWriteSyncword (2)
                    _RFWriteBuf (3)
                        _SpiCSN_low (4)
                        _SpiWrite (4)
                        _Crom2Prom (4)
                        _SpiCSN_high (4)
                _RFWriteFreqTABLE (2)
                    _SpiReadRegCMD (3)
                        _SpiCSN_low (4)
                        _SpiWrite (4)
                        _SpiRead (4)
                        _SpiCSN_high (4)
                    _SpiWriteRegCMD (3)
                        _SpiCSN_low (4)
                        _SpiWrite (4)
                        _SpiCSN_high (4)
                    _Crom2Prom (3)
                    _Crom2Prom (3)
                _RFSetDRPram (2)
                    _SpiWriteStrobeCMD (3)
                        _SpiCSN_low (4)
                        _SpiWrite (4)
                        _SpiCSN_high (4)
                    _Crom2Prom (3)
                    _Crom2Prom (3)
                    _SpiWriteRegCMD (3)
                        _SpiCSN_low (4)
                        _SpiWrite (4)
                        _SpiCSN_high (4)
                _RFSetPower (2)
                    _Crom2Prom (3)
                    _SpiWriteRegCMD (3)
                        _SpiCSN_low (4)
                        _SpiWrite (4)
                        _SpiCSN_high (4)
                _RFXtalReady (2)
                    _SpiReadRegCMD (3)
                        _SpiCSN_low (4)
                        _SpiWrite (4)
                        _SpiRead (4)
                        _SpiCSN_high (4)
                _RFCalibration (2)
                    _SpiReadRegCMD (3)
                        _SpiCSN_low (4)
                        _SpiWrite (4)
                        _SpiRead (4)
                        _SpiCSN_high (4)
                    _SpiWriteRegCMD (3)
                        _SpiCSN_low (4)
                        _SpiWrite (4)
                        _SpiCSN_high (4)
                _LircCalibration (2)
                    _SpiReadRegCMD (3)
                        _SpiCSN_low (4)
                        _SpiWrite (4)
                        _SpiRead (4)
                        _SpiCSN_high (4)
                    _SpiWriteRegCMD (3)
                        _SpiCSN_low (4)
                        _SpiWrite (4)
                        _SpiCSN_high (4)
                _RFGetClrRFIrq (2)
                    _SpiReadRegCMD (3)
                        _SpiCSN_low (4)
                        _SpiWrite (4)
                        _SpiRead (4)
                        _SpiCSN_high (4)
                    _SpiWriteRegCMD (3)
                        _SpiCSN_low (4)
                        _SpiWrite (4)
                        _SpiCSN_high (4)
            _RF_Parameter_loading (1)
                _SpiWriteStrobeCMD (2)
                    _SpiCSN_low (3)
                    _SpiWrite (3)
                    _SpiCSN_high (3)
                _RFReadBuf2 (2)
                    _SpiCSN_low (3)
                    _SpiWrite (3)
                    _SpiRead (3)
                    _SpiCSN_high (3)
                _SpiReadRegCMD (2)
                    _SpiCSN_low (3)
                    _SpiWrite (3)
                    _SpiRead (3)
                    _SpiCSN_high (3)
            _SpiWriteRegCMD (1)
                _SpiCSN_low (2)
                _SpiWrite (2)
                _SpiCSN_high (2)
            _uart_printf (1)
                _uart_send (2)
                _Crom2Prom (2)
            _delay (1)
            _app_eeprom_addr_check (1)
                _uart_printf (2)
                    _uart_send (3)
                    _Crom2Prom (3)
                _eepromDeviceAddrRead (2)
                    _eeprom_read (3)
                        _delay (4)
                _eepromDeviceAddrCpyAckRead (2)
                    _eeprom_read (3)
                        _delay (4)
                _uart_send (2)
                _eepromDeviceAddrCpyRead (2)
                    _eeprom_read (3)
                        _delay (4)
                    _uart_printf (3)
                        _uart_send (4)
                        _Crom2Prom (4)
                _memcmp (2)
                    _Crom2Prom (3)
                _eeprom_write (2)
                _delay (2)
                _eepromDeviceAddrCpyAckWrite (2)
                    _eeprom_write (3)
                    _uart_printf (3)
                        _uart_send (4)
                        _Crom2Prom (4)
                _eepromDeviceAddrCpyWrite (2)
                    _Crom2Prom (3)
                    _eeprom_write (3)
                    _uart_printf (3)
                        _uart_send (4)
                        _Crom2Prom (4)
            _app (1)
                _uart_printf (2)
                    _uart_send (3)
                    _Crom2Prom (3)
                _LED (2)
                    _rgb_blink (3)
                _adc_getValue (2)
                _itoa (2)
                    _builtin_holtek_divmodhi4_isr00 (3)
                    _builtin_holtek_mulhi3_isr00 (3)
                    _Crom2Prom (3)
                _lvd_mode_select (2)
                    _uart_printf (3)
                        _uart_send (4)
                        _Crom2Prom (4)
                _delay (2)
                _lvd_read_select (2)
                _KEY_Process (2)
                    _uart_printf (3)
                        _uart_send (4)
                        _Crom2Prom (4)
                    _DATA_Process (3)
                        _uart_printf (4)
                            _uart_send (5)
                            _Crom2Prom (5)
                        _Crom2Prom (4)
                _System_deepsleep (2)
                _ExtendFIFO_TX_Process (2)
                    _Crom2Prom (3)
                    _SpiWriteStrobeCMD (3)
                        _SpiCSN_low (4)
                        _SpiWrite (4)
                        _SpiCSN_high (4)
                    _Extend_FIFO_Enable (3)
                        _SpiReadRegCMD (4)
                            _SpiCSN_low (5)
                            _SpiWrite (5)
                            _SpiRead (5)
                            _SpiCSN_high (5)
                        _SpiWriteRegCMD (4)
                            _SpiCSN_low (5)
                            _SpiWrite (5)
                            _SpiCSN_high (5)
                    _SpiReadRegCMD (3)
                        _SpiCSN_low (4)
                        _SpiWrite (4)
                        _SpiRead (4)
                        _SpiCSN_high (4)
                    _SpiWriteRegCMD (3)
                        _SpiCSN_low (4)
                        _SpiWrite (4)
                        _SpiCSN_high (4)
                    _Crom2Prom (3)
                    _RFWriteBuf2 (3)
                        _SpiCSN_low (4)
                        _SpiWrite (4)
                        _Crom2Prom (4)
                        _SpiCSN_high (4)
                _ExtendFIFO_RX_Process (2)
                    _Crom2Prom (3)
                    _SpiWriteStrobeCMD (3)
                        _SpiCSN_low (4)
                        _SpiWrite (4)
                        _SpiCSN_high (4)
                    _SpiReadRegCMD (3)
                        _SpiCSN_low (4)
                        _SpiWrite (4)
                        _SpiRead (4)
                        _SpiCSN_high (4)
                    _SpiWriteRegCMD (3)
                        _SpiCSN_low (4)
                        _SpiWrite (4)
                        _SpiCSN_high (4)
                    _Crom2Prom (3)
                    _RFReadBuf2 (3)
                        _SpiCSN_low (4)
                        _SpiWrite (4)
                        _SpiRead (4)
                        _SpiCSN_high (4)
                _RF_Finished_Process (2)
                    _Crom2Prom (3)
                    _uart_printf (3)
                        _uart_send (4)
                        _Crom2Prom (4)
            _rgb_blink (1)
    _uart_int
        _memcpy (0)
            _Crom2Prom (1)
        _itoa (0)
            _builtin_holtek_divmodhi4_isr00 (1)
            _builtin_holtek_mulhi3_isr00 (1)
            _Crom2Prom (1)
        _uart_printf (0)
            _uart_send (1)
            _Crom2Prom (1)
    @dummy4
        _INT0_proc (0)
    @dummy36
        _INT1_proc (0)
    _Rd_Byte
        __DELAYX (0)
    _ktd_rgb_ctrl
        _WriteI2C_Int (0)
            _IIC_Start (1)
                __DELAYX (2)
            _Wr_Byte (1)
                __DELAYX (2)
            _checkAck (1)
                __DELAYX (2)
            _IIC_Stop (1)
                __DELAYX (2)
        _delay (0)
    _ktd_clockwise_ring
        _ktd_ring (0)
            _WriteI2C_Int (1)
                _IIC_Start (2)
                    __DELAYX (3)
                _Wr_Byte (2)
                    __DELAYX (3)
                _checkAck (2)
                    __DELAYX (3)
                _IIC_Stop (2)
                    __DELAYX (3)
            _delay (1)
        _delay (0)
    _ktd_anticlockwise_ring
        _ktd_ring (0)
            _WriteI2C_Int (1)
                _IIC_Start (2)
                    __DELAYX (3)
                _Wr_Byte (2)
                    __DELAYX (3)
                _checkAck (2)
                    __DELAYX (3)
                _IIC_Stop (2)
                    __DELAYX (3)
            _delay (1)
        _delay (0)
    _RFReadBuf
        _SpiCSN_low (0)
        _SpiWrite (0)
        _SpiRead (0)
        _SpiCSN_high (0)
    _RFWriteFreq
        _SpiReadRegCMD (0)
            _SpiCSN_low (1)
            _SpiWrite (1)
            _SpiRead (1)
            _SpiCSN_high (1)
        _SpiWriteRegCMD (0)
            _SpiCSN_low (1)
            _SpiWrite (1)
            _SpiCSN_high (1)
        _Crom2Prom (0)
        _Crom2Prom (0)
    _ResetTXFIFO
        _SpiWriteStrobeCMD (0)
            _SpiCSN_low (1)
            _SpiWrite (1)
            _SpiCSN_high (1)
    _ResetRXFIFO
        _SpiWriteStrobeCMD (0)
            _SpiCSN_low (1)
            _SpiWrite (1)
            _SpiCSN_high (1)
    _EntryLightSleep
        _SpiWriteStrobeCMD (0)
            _SpiCSN_low (1)
            _SpiWrite (1)
            _SpiCSN_high (1)
    _EntryDeepSleep
        _SpiWriteStrobeCMD (0)
            _SpiCSN_low (1)
            _SpiWrite (1)
            _SpiCSN_high (1)
    _EntryIdleMode
        _SpiWriteStrobeCMD (0)
            _SpiCSN_low (1)
            _SpiWrite (1)
            _SpiCSN_high (1)
    _RF_TxCarrier
        _SpiReadRegCMD (0)
            _SpiCSN_low (1)
            _SpiWrite (1)
            _SpiRead (1)
            _SpiCSN_high (1)
        _SpiWriteRegCMD (0)
            _SpiCSN_low (1)
            _SpiWrite (1)
            _SpiCSN_high (1)
        _SpiWriteStrobeCMD (0)
            _SpiCSN_low (1)
            _SpiWrite (1)
            _SpiCSN_high (1)
        _RFXtalReady (0)
            _SpiReadRegCMD (1)
                _SpiCSN_low (2)
                _SpiWrite (2)
                _SpiRead (2)
                _SpiCSN_high (2)
    _RF_RxBER
        _SpiWriteStrobeCMD (0)
            _SpiCSN_low (1)
            _SpiWrite (1)
            _SpiCSN_high (1)
        _SpiReadRegCMD (0)
            _SpiCSN_low (1)
            _SpiWrite (1)
            _SpiRead (1)
            _SpiCSN_high (1)
        _SpiWriteRegCMD (0)
            _SpiCSN_low (1)
            _SpiWrite (1)
            _SpiCSN_high (1)
        _RFXtalReady (0)
            _SpiReadRegCMD (1)
                _SpiCSN_low (2)
                _SpiWrite (2)
                _SpiRead (2)
                _SpiCSN_high (2)
    _RF_WriteFreq
        _SpiReadRegCMD (0)
            _SpiCSN_low (1)
            _SpiWrite (1)
            _SpiRead (1)
            _SpiCSN_high (1)
        _SpiWriteRegCMD (0)
            _SpiCSN_low (1)
            _SpiWrite (1)
            _SpiCSN_high (1)
        _RFWriteBuf2 (0)
            _SpiCSN_low (1)
            _SpiWrite (1)
            _Crom2Prom (1)
            _SpiCSN_high (1)
    _RF_SetSniffPrm
        _RFWriteBuf2 (0)
            _SpiCSN_low (1)
            _SpiWrite (1)
            _Crom2Prom (1)
            _SpiCSN_high (1)
    _RF_SetAddr
        _RFWriteBuf2 (0)
            _SpiCSN_low (1)
            _SpiWrite (1)
            _Crom2Prom (1)
            _SpiCSN_high (1)
    _RF_EntryRxMode
        _SpiWriteStrobeCMD (0)
            _SpiCSN_low (1)
            _SpiWrite (1)
            _SpiCSN_high (1)
        _RFXtalReady (0)
            _SpiReadRegCMD (1)
                _SpiCSN_low (2)
                _SpiWrite (2)
                _SpiRead (2)
                _SpiCSN_high (2)
        _RFDisATR (0)
            _SpiReadRegCMD (1)
                _SpiCSN_low (2)
                _SpiWrite (2)
                _SpiRead (2)
                _SpiCSN_high (2)
            _SpiWriteRegCMD (1)
                _SpiCSN_low (2)
                _SpiWrite (2)
                _SpiCSN_high (2)
        _RFCalibration (0)
            _SpiReadRegCMD (1)
                _SpiCSN_low (2)
                _SpiWrite (2)
                _SpiRead (2)
                _SpiCSN_high (2)
            _SpiWriteRegCMD (1)
                _SpiCSN_low (2)
                _SpiWrite (2)
                _SpiCSN_high (2)
        _SpiWriteRegCMD (0)
            _SpiCSN_low (1)
            _SpiWrite (1)
            _SpiCSN_high (1)
    _RF_EntrySniffMode
        _SpiWriteStrobeCMD (0)
            _SpiCSN_low (1)
            _SpiWrite (1)
            _SpiCSN_high (1)
        _RFXtalReady (0)
            _SpiReadRegCMD (1)
                _SpiCSN_low (2)
                _SpiWrite (2)
                _SpiRead (2)
                _SpiCSN_high (2)
        _RFDisATR (0)
            _SpiReadRegCMD (1)
                _SpiCSN_low (2)
                _SpiWrite (2)
                _SpiRead (2)
                _SpiCSN_high (2)
            _SpiWriteRegCMD (1)
                _SpiCSN_low (2)
                _SpiWrite (2)
                _SpiCSN_high (2)
        _SpiReadRegCMD (0)
            _SpiCSN_low (1)
            _SpiWrite (1)
            _SpiRead (1)
            _SpiCSN_high (1)
        _SpiWriteRegCMD (0)
            _SpiCSN_low (1)
            _SpiWrite (1)
            _SpiCSN_high (1)
        _RFCalibration (0)
            _SpiReadRegCMD (1)
                _SpiCSN_low (2)
                _SpiWrite (2)
                _SpiRead (2)
                _SpiCSN_high (2)
            _SpiWriteRegCMD (1)
                _SpiCSN_low (2)
                _SpiWrite (2)
                _SpiCSN_high (2)
        _RFEnATR (0)
            _SpiReadRegCMD (1)
                _SpiCSN_low (2)
                _SpiWrite (2)
                _SpiRead (2)
                _SpiCSN_high (2)
            _SpiWriteRegCMD (1)
                _SpiCSN_low (2)
                _SpiWrite (2)
                _SpiCSN_high (2)
    _RF_EntryWOT_Mode
        _SpiWriteStrobeCMD (0)
            _SpiCSN_low (1)
            _SpiWrite (1)
            _SpiCSN_high (1)
        _RFXtalReady (0)
            _SpiReadRegCMD (1)
                _SpiCSN_low (2)
                _SpiWrite (2)
                _SpiRead (2)
                _SpiCSN_high (2)
        _RFDisATR (0)
            _SpiReadRegCMD (1)
                _SpiCSN_low (2)
                _SpiWrite (2)
                _SpiRead (2)
                _SpiCSN_high (2)
            _SpiWriteRegCMD (1)
                _SpiCSN_low (2)
                _SpiWrite (2)
                _SpiCSN_high (2)
        _SpiReadRegCMD (0)
            _SpiCSN_low (1)
            _SpiWrite (1)
            _SpiRead (1)
            _SpiCSN_high (1)
        _SpiWriteRegCMD (0)
            _SpiCSN_low (1)
            _SpiWrite (1)
            _SpiCSN_high (1)
        _RFCalibration (0)
            _SpiReadRegCMD (1)
                _SpiCSN_low (2)
                _SpiWrite (2)
                _SpiRead (2)
                _SpiCSN_high (2)
            _SpiWriteRegCMD (1)
                _SpiCSN_low (2)
                _SpiWrite (2)
                _SpiCSN_high (2)
        _RFEnATR (0)
            _SpiReadRegCMD (1)
                _SpiCSN_low (2)
                _SpiWrite (2)
                _SpiRead (2)
                _SpiCSN_high (2)
            _SpiWriteRegCMD (1)
                _SpiCSN_low (2)
                _SpiWrite (2)
                _SpiCSN_high (2)
    _RF_SendData
        _SpiWriteStrobeCMD (0)
            _SpiCSN_low (1)
            _SpiWrite (1)
            _SpiCSN_high (1)
        _RFXtalReady (0)
            _SpiReadRegCMD (1)
                _SpiCSN_low (2)
                _SpiWrite (2)
                _SpiRead (2)
                _SpiCSN_high (2)
        _RFDisATR (0)
            _SpiReadRegCMD (1)
                _SpiCSN_low (2)
                _SpiWrite (2)
                _SpiRead (2)
                _SpiCSN_high (2)
            _SpiWriteRegCMD (1)
                _SpiCSN_low (2)
                _SpiWrite (2)
                _SpiCSN_high (2)
        _RFCalibration (0)
            _SpiReadRegCMD (1)
                _SpiCSN_low (2)
                _SpiWrite (2)
                _SpiRead (2)
                _SpiCSN_high (2)
            _SpiWriteRegCMD (1)
                _SpiCSN_low (2)
                _SpiWrite (2)
                _SpiCSN_high (2)
        _SpiWriteRegCMD (0)
            _SpiCSN_low (1)
            _SpiWrite (1)
            _SpiCSN_high (1)
        _WriteFIFO (0)
            _SpiCSN_low (1)
            _SpiWrite (1)
            _Crom2Prom (1)
            _SpiCSN_high (1)
    _RF_ResendData
        _SpiWriteStrobeCMD (0)
            _SpiCSN_low (1)
            _SpiWrite (1)
            _SpiCSN_high (1)
        _RFXtalReady (0)
            _SpiReadRegCMD (1)
                _SpiCSN_low (2)
                _SpiWrite (2)
                _SpiRead (2)
                _SpiCSN_high (2)
    _RF_ReadRxData
        _ReadFIFO (0)
            _SpiCSN_low (1)
            _SpiWrite (1)
            _SpiRead (1)
            _SpiCSN_high (1)
        _SpiWriteStrobeCMD (0)
            _SpiCSN_low (1)
            _SpiWrite (1)
            _SpiCSN_high (1)
    _RFReadRssi
        _SpiReadRegCMD (0)
            _SpiCSN_low (1)
            _SpiWrite (1)
            _SpiRead (1)
            _SpiCSN_high (1)
    _Extend_FIFO_Disable
        _SpiReadRegCMD (0)
            _SpiCSN_low (1)
            _SpiWrite (1)
            _SpiRead (1)
            _SpiCSN_high (1)
        _SpiWriteRegCMD (0)
            _SpiCSN_low (1)
            _SpiWrite (1)
            _SpiCSN_high (1)
    _RFEnARK
        _SpiReadRegCMD (0)
            _SpiCSN_low (1)
            _SpiWrite (1)
            _SpiRead (1)
            _SpiCSN_high (1)
        _SpiWriteRegCMD (0)
            _SpiCSN_low (1)
            _SpiWrite (1)
            _SpiCSN_high (1)
    _RFDisARK
        _SpiReadRegCMD (0)
            _SpiCSN_low (1)
            _SpiWrite (1)
            _SpiRead (1)
            _SpiCSN_high (1)
        _SpiWriteRegCMD (0)
            _SpiCSN_low (1)
            _SpiWrite (1)
            _SpiCSN_high (1)
    _CRC16_CCITT_FALSE
        _Crom2Prom (0)
    _RF_Process_Init
        _Sys_init (0)
            _fun_RamInit (1)
        _RF_Init (0)
            _SpiIOInti (1)
            _SpiWriteStrobeCMD (1)
                _SpiCSN_low (2)
                _SpiWrite (2)
                _SpiCSN_high (2)
            _ResetLvRF (1)
                _SpiReadRegCMD (2)
                    _SpiCSN_low (3)
                    _SpiWrite (3)
                    _SpiRead (3)
                    _SpiCSN_high (3)
                _SpiWriteRegCMD (2)
                    _SpiCSN_low (3)
                    _SpiWrite (3)
                    _SpiCSN_high (3)
            _BC3602_Config (1)
                _Crom2Prom (2)
                _Crom2Prom (2)
                _SpiWriteRegCMD (2)
                    _SpiCSN_low (3)
                    _SpiWrite (3)
                    _SpiCSN_high (3)
                _SpiWriteStrobeCMD (2)
                    _SpiCSN_low (3)
                    _SpiWrite (3)
                    _SpiCSN_high (3)
            _RFWriteSyncword (1)
                _RFWriteBuf (2)
                    _SpiCSN_low (3)
                    _SpiWrite (3)
                    _Crom2Prom (3)
                    _SpiCSN_high (3)
            _RFWriteFreqTABLE (1)
                _SpiReadRegCMD (2)
                    _SpiCSN_low (3)
                    _SpiWrite (3)
                    _SpiRead (3)
                    _SpiCSN_high (3)
                _SpiWriteRegCMD (2)
                    _SpiCSN_low (3)
                    _SpiWrite (3)
                    _SpiCSN_high (3)
                _Crom2Prom (2)
                _Crom2Prom (2)
            _RFSetDRPram (1)
                _SpiWriteStrobeCMD (2)
                    _SpiCSN_low (3)
                    _SpiWrite (3)
                    _SpiCSN_high (3)
                _Crom2Prom (2)
                _Crom2Prom (2)
                _SpiWriteRegCMD (2)
                    _SpiCSN_low (3)
                    _SpiWrite (3)
                    _SpiCSN_high (3)
            _RFSetPower (1)
                _Crom2Prom (2)
                _SpiWriteRegCMD (2)
                    _SpiCSN_low (3)
                    _SpiWrite (3)
                    _SpiCSN_high (3)
            _RFXtalReady (1)
                _SpiReadRegCMD (2)
                    _SpiCSN_low (3)
                    _SpiWrite (3)
                    _SpiRead (3)
                    _SpiCSN_high (3)
            _RFCalibration (1)
                _SpiReadRegCMD (2)
                    _SpiCSN_low (3)
                    _SpiWrite (3)
                    _SpiRead (3)
                    _SpiCSN_high (3)
                _SpiWriteRegCMD (2)
                    _SpiCSN_low (3)
                    _SpiWrite (3)
                    _SpiCSN_high (3)
            _LircCalibration (1)
                _SpiReadRegCMD (2)
                    _SpiCSN_low (3)
                    _SpiWrite (3)
                    _SpiRead (3)
                    _SpiCSN_high (3)
                _SpiWriteRegCMD (2)
                    _SpiCSN_low (3)
                    _SpiWrite (3)
                    _SpiCSN_high (3)
            _RFGetClrRFIrq (1)
                _SpiReadRegCMD (2)
                    _SpiCSN_low (3)
                    _SpiWrite (3)
                    _SpiRead (3)
                    _SpiCSN_high (3)
                _SpiWriteRegCMD (2)
                    _SpiCSN_low (3)
                    _SpiWrite (3)
                    _SpiCSN_high (3)
        _RF_Parameter_loading (0)
            _SpiWriteStrobeCMD (1)
                _SpiCSN_low (2)
                _SpiWrite (2)
                _SpiCSN_high (2)
            _RFReadBuf2 (1)
                _SpiCSN_low (2)
                _SpiWrite (2)
                _SpiRead (2)
                _SpiCSN_high (2)
            _SpiReadRegCMD (1)
                _SpiCSN_low (2)
                _SpiWrite (2)
                _SpiRead (2)
                _SpiCSN_high (2)
    _RF_Process
        _KEY_Process (0)
            _uart_printf (1)
                _uart_send (2)
                _Crom2Prom (2)
            _DATA_Process (1)
                _uart_printf (2)
                    _uart_send (3)
                    _Crom2Prom (3)
                _Crom2Prom (2)
    @dummy28
        _TB0_proc (0)
    _app_pair_status_check
        _uart_printf (0)
            _uart_send (1)
            _Crom2Prom (1)
        _eepromDeviceAddrRead (0)
            _eeprom_read (1)
                _delay (2)
    _initSys
        _Sys_init (0)
            _fun_RamInit (1)
        _sysInit (0)
            _uart_prot_init (1)
                _uart_int_init (2)
            _adc_init (1)
                _adc_selectChannel (2)
                _lvd_init (2)
                _delay (2)
            _IIC_Init (1)
            _ktd_en (1)
                _WriteI2C_Int (2)
                    _IIC_Start (3)
                        __DELAYX (4)
                    _Wr_Byte (3)
                        __DELAYX (4)
                    _checkAck (3)
                        __DELAYX (4)
                    _IIC_Stop (3)
                        __DELAYX (4)
                _delay (2)
            _ktd_clear (1)
                _WriteI2C_Int (2)
                    _IIC_Start (3)
                        __DELAYX (4)
                    _Wr_Byte (3)
                        __DELAYX (4)
                    _checkAck (3)
                        __DELAYX (4)
                    _IIC_Stop (3)
                        __DELAYX (4)
            _int_init (1)
                _gpio_init (2)
        _RF_Init (0)
            _SpiIOInti (1)
            _SpiWriteStrobeCMD (1)
                _SpiCSN_low (2)
                _SpiWrite (2)
                _SpiCSN_high (2)
            _ResetLvRF (1)
                _SpiReadRegCMD (2)
                    _SpiCSN_low (3)
                    _SpiWrite (3)
                    _SpiRead (3)
                    _SpiCSN_high (3)
                _SpiWriteRegCMD (2)
                    _SpiCSN_low (3)
                    _SpiWrite (3)
                    _SpiCSN_high (3)
            _BC3602_Config (1)
                _Crom2Prom (2)
                _Crom2Prom (2)
                _SpiWriteRegCMD (2)
                    _SpiCSN_low (3)
                    _SpiWrite (3)
                    _SpiCSN_high (3)
                _SpiWriteStrobeCMD (2)
                    _SpiCSN_low (3)
                    _SpiWrite (3)
                    _SpiCSN_high (3)
            _RFWriteSyncword (1)
                _RFWriteBuf (2)
                    _SpiCSN_low (3)
                    _SpiWrite (3)
                    _Crom2Prom (3)
                    _SpiCSN_high (3)
            _RFWriteFreqTABLE (1)
                _SpiReadRegCMD (2)
                    _SpiCSN_low (3)
                    _SpiWrite (3)
                    _SpiRead (3)
                    _SpiCSN_high (3)
                _SpiWriteRegCMD (2)
                    _SpiCSN_low (3)
                    _SpiWrite (3)
                    _SpiCSN_high (3)
                _Crom2Prom (2)
                _Crom2Prom (2)
            _RFSetDRPram (1)
                _SpiWriteStrobeCMD (2)
                    _SpiCSN_low (3)
                    _SpiWrite (3)
                    _SpiCSN_high (3)
                _Crom2Prom (2)
                _Crom2Prom (2)
                _SpiWriteRegCMD (2)
                    _SpiCSN_low (3)
                    _SpiWrite (3)
                    _SpiCSN_high (3)
            _RFSetPower (1)
                _Crom2Prom (2)
                _SpiWriteRegCMD (2)
                    _SpiCSN_low (3)
                    _SpiWrite (3)
                    _SpiCSN_high (3)
            _RFXtalReady (1)
                _SpiReadRegCMD (2)
                    _SpiCSN_low (3)
                    _SpiWrite (3)
                    _SpiRead (3)
                    _SpiCSN_high (3)
            _RFCalibration (1)
                _SpiReadRegCMD (2)
                    _SpiCSN_low (3)
                    _SpiWrite (3)
                    _SpiRead (3)
                    _SpiCSN_high (3)
                _SpiWriteRegCMD (2)
                    _SpiCSN_low (3)
                    _SpiWrite (3)
                    _SpiCSN_high (3)
            _LircCalibration (1)
                _SpiReadRegCMD (2)
                    _SpiCSN_low (3)
                    _SpiWrite (3)
                    _SpiRead (3)
                    _SpiCSN_high (3)
                _SpiWriteRegCMD (2)
                    _SpiCSN_low (3)
                    _SpiWrite (3)
                    _SpiCSN_high (3)
            _RFGetClrRFIrq (1)
                _SpiReadRegCMD (2)
                    _SpiCSN_low (3)
                    _SpiWrite (3)
                    _SpiRead (3)
                    _SpiCSN_high (3)
                _SpiWriteRegCMD (2)
                    _SpiCSN_low (3)
                    _SpiWrite (3)
                    _SpiCSN_high (3)
        _RF_Parameter_loading (0)
            _SpiWriteStrobeCMD (1)
                _SpiCSN_low (2)
                _SpiWrite (2)
                _SpiCSN_high (2)
            _RFReadBuf2 (1)
                _SpiCSN_low (2)
                _SpiWrite (2)
                _SpiRead (2)
                _SpiCSN_high (2)
            _SpiReadRegCMD (1)
                _SpiCSN_low (2)
                _SpiWrite (2)
                _SpiRead (2)
                _SpiCSN_high (2)
        _SpiWriteRegCMD (0)
            _SpiCSN_low (1)
            _SpiWrite (1)
            _SpiCSN_high (1)

HLINK: Program entry point at section '@code' (address 0) of file 'c:\users\user\documents\htk_project\qbell_doorbell_mb_v1_2_f9\Output\MAIN.OBJ'

Total 0 error(s), Total 0 Warning(s)
